Component: ARM Compiler 5.06 update 7 (build 960) Tool: armlink [4d3601]

==============================================================================

Section Cross References

    startup_stm32g473xx.o(STACK) refers (Special) to heapauxi.o(.text) for __use_two_region_memory
    startup_stm32g473xx.o(HEAP) refers (Special) to heapauxi.o(.text) for __use_two_region_memory
    startup_stm32g473xx.o(RESET) refers (Special) to heapauxi.o(.text) for __use_two_region_memory
    startup_stm32g473xx.o(RESET) refers to startup_stm32g473xx.o(STACK) for __initial_sp
    startup_stm32g473xx.o(RESET) refers to startup_stm32g473xx.o(.text) for Reset_Handler
    startup_stm32g473xx.o(RESET) refers to stm32g4xx_it.o(i.NMI_Handler) for NMI_Handler
    startup_stm32g473xx.o(RESET) refers to stm32g4xx_it.o(i.HardFault_Handler) for HardFault_Handler
    startup_stm32g473xx.o(RESET) refers to stm32g4xx_it.o(i.MemManage_Handler) for MemManage_Handler
    startup_stm32g473xx.o(RESET) refers to stm32g4xx_it.o(i.BusFault_Handler) for BusFault_Handler
    startup_stm32g473xx.o(RESET) refers to stm32g4xx_it.o(i.UsageFault_Handler) for UsageFault_Handler
    startup_stm32g473xx.o(RESET) refers to stm32g4xx_it.o(i.SVC_Handler) for SVC_Handler
    startup_stm32g473xx.o(RESET) refers to stm32g4xx_it.o(i.DebugMon_Handler) for DebugMon_Handler
    startup_stm32g473xx.o(RESET) refers to stm32g4xx_it.o(i.PendSV_Handler) for PendSV_Handler
    startup_stm32g473xx.o(RESET) refers to stm32g4xx_it.o(i.SysTick_Handler) for SysTick_Handler
    startup_stm32g473xx.o(RESET) refers to stm32g4xx_it.o(i.TIM1_CC_IRQHandler) for TIM1_CC_IRQHandler
    startup_stm32g473xx.o(RESET) refers to stm32g4xx_it.o(i.TIM2_IRQHandler) for TIM2_IRQHandler
    startup_stm32g473xx.o(RESET) refers to stm32g4xx_it.o(i.TIM6_DAC_IRQHandler) for TIM6_DAC_IRQHandler
    startup_stm32g473xx.o(RESET) refers to stm32g4xx_it.o(i.TIM7_DAC_IRQHandler) for TIM7_DAC_IRQHandler
    startup_stm32g473xx.o(.text) refers (Special) to heapauxi.o(.text) for __use_two_region_memory
    startup_stm32g473xx.o(.text) refers to system_stm32g4xx.o(i.SystemInit) for SystemInit
    startup_stm32g473xx.o(.text) refers to __main.o(!!!main) for __main
    startup_stm32g473xx.o(.text) refers to startup_stm32g473xx.o(HEAP) for Heap_Mem
    startup_stm32g473xx.o(.text) refers to startup_stm32g473xx.o(STACK) for Stack_Mem
    main.o(i.FDCAN_Init) refers to rt_memcpy_w.o(.text) for __aeabi_memcpy4
    main.o(i.FDCAN_Init) refers to stm32g4xx_hal_fdcan.o(i.HAL_FDCAN_ConfigFilter) for HAL_FDCAN_ConfigFilter
    main.o(i.FDCAN_Init) refers to stm32g4xx_hal_fdcan.o(i.HAL_FDCAN_Start) for HAL_FDCAN_Start
    main.o(i.FDCAN_Init) refers to main.o(.constdata) for .constdata
    main.o(i.FDCAN_Init) refers to main.o(.bss) for .bss
    main.o(i.FDCAN_Init) refers to fdcan.o(.bss) for hfdcan1
    main.o(i.HAL_TIM_PeriodElapsedCallback) refers to stm32g4xx_hal.o(i.HAL_IncTick) for HAL_IncTick
    main.o(i.SystemClock_Config) refers to rt_memclr_w.o(.text) for __aeabi_memclr4
    main.o(i.SystemClock_Config) refers to stm32g4xx_hal_pwr_ex.o(i.HAL_PWREx_ControlVoltageScaling) for HAL_PWREx_ControlVoltageScaling
    main.o(i.SystemClock_Config) refers to stm32g4xx_hal_rcc.o(i.HAL_RCC_OscConfig) for HAL_RCC_OscConfig
    main.o(i.SystemClock_Config) refers to stm32g4xx_hal_rcc.o(i.HAL_RCC_ClockConfig) for HAL_RCC_ClockConfig
    main.o(i.SystemClock_Config) refers to stm32g4xx_hal_rcc.o(i.HAL_RCC_EnableCSS) for HAL_RCC_EnableCSS
    main.o(i.main) refers to stm32g4xx_hal.o(i.HAL_Init) for HAL_Init
    main.o(i.main) refers to main.o(i.SystemClock_Config) for SystemClock_Config
    main.o(i.main) refers to gpio.o(i.MX_GPIO_Init) for MX_GPIO_Init
    main.o(i.main) refers to adc.o(i.MX_ADC1_Init) for MX_ADC1_Init
    main.o(i.main) refers to adc.o(i.MX_ADC2_Init) for MX_ADC2_Init
    main.o(i.main) refers to adc.o(i.MX_ADC3_Init) for MX_ADC3_Init
    main.o(i.main) refers to adc.o(i.MX_ADC4_Init) for MX_ADC4_Init
    main.o(i.main) refers to opamp.o(i.MX_OPAMP1_Init) for MX_OPAMP1_Init
    main.o(i.main) refers to opamp.o(i.MX_OPAMP2_Init) for MX_OPAMP2_Init
    main.o(i.main) refers to opamp.o(i.MX_OPAMP3_Init) for MX_OPAMP3_Init
    main.o(i.main) refers to opamp.o(i.MX_OPAMP6_Init) for MX_OPAMP6_Init
    main.o(i.main) refers to tim.o(i.MX_TIM1_Init) for MX_TIM1_Init
    main.o(i.main) refers to fdcan.o(i.MX_FDCAN1_Init) for MX_FDCAN1_Init
    main.o(i.main) refers to tim.o(i.MX_TIM7_Init) for MX_TIM7_Init
    main.o(i.main) refers to tim.o(i.MX_TIM2_Init) for MX_TIM2_Init
    main.o(i.main) refers to stm32g4xx_hal_gpio.o(i.HAL_GPIO_WritePin) for HAL_GPIO_WritePin
    main.o(i.main) refers to stm32g4xx_hal_adc_ex.o(i.HAL_ADCEx_Calibration_Start) for HAL_ADCEx_Calibration_Start
    main.o(i.main) refers to stm32g4xx_hal_opamp.o(i.HAL_OPAMP_Start) for HAL_OPAMP_Start
    main.o(i.main) refers to stm32g4xx_hal_adc_ex.o(i.HAL_ADCEx_InjectedStart) for HAL_ADCEx_InjectedStart
[...]
    ..\Drivers\STM32G4xx_HAL_Driver\Src\stm32g4xx_hal_exti.c 0x00000000   Number         0  stm32g4xx_hal_exti.o ABSOLUTE
    ..\Drivers\STM32G4xx_HAL_Driver\Src\stm32g4xx_hal_fdcan.c 0x00000000   Number         0  stm32g4xx_hal_fdcan.o ABSOLUTE
    ..\Drivers\STM32G4xx_HAL_Driver\Src\stm32g4xx_hal_flash.c 0x00000000   Number         0  stm32g4xx_hal_flash.o ABSOLUTE
    ..\Drivers\STM32G4xx_HAL_Driver\Src\stm32g4xx_hal_flash_ex.c 0x00000000   Number         0  stm32g4xx_hal_flash_ex.o ABSOLUTE
    ..\Drivers\STM32G4xx_HAL_Driver\Src\stm32g4xx_hal_flash_ramfunc.c 0x00000000   Number         0  stm32g4xx_hal_flash_ramfunc.o ABSOLUTE
    ..\Drivers\STM32G4xx_HAL_Driver\Src\stm32g4xx_hal_gpio.c 0x00000000   Number         0  stm32g4xx_hal_gpio.o ABSOLUTE
    ..\Drivers\STM32G4xx_HAL_Driver\Src\stm32g4xx_hal_opamp.c 0x00000000   Number         0  stm32g4xx_hal_opamp.o ABSOLUTE
    ..\Drivers\STM32G4xx_HAL_Driver\Src\stm32g4xx_hal_opamp_ex.c 0x00000000   Number         0  stm32g4xx_hal_opamp_ex.o ABSOLUTE
    ..\Drivers\STM32G4xx_HAL_Driver\Src\stm32g4xx_hal_pwr.c 0x00000000   Number         0  stm32g4xx_hal_pwr.o ABSOLUTE
    ..\Drivers\STM32G4xx_HAL_Driver\Src\stm32g4xx_hal_pwr_ex.c 0x00000000   Number         0  stm32g4xx_hal_pwr_ex.o ABSOLUTE
    ..\Drivers\STM32G4xx_HAL_Driver\Src\stm32g4xx_hal_rcc.c 0x00000000   Number         0  stm32g4xx_hal_rcc.o ABSOLUTE
    ..\Drivers\STM32G4xx_HAL_Driver\Src\stm32g4xx_hal_rcc_ex.c 0x00000000   Number         0  stm32g4xx_hal_rcc_ex.o ABSOLUTE
    ..\Drivers\STM32G4xx_HAL_Driver\Src\stm32g4xx_hal_tim.c 0x00000000   Number         0  stm32g4xx_hal_tim.o ABSOLUTE
    ..\Drivers\STM32G4xx_HAL_Driver\Src\stm32g4xx_hal_tim_ex.c 0x00000000   Number         0  stm32g4xx_hal_tim_ex.o ABSOLUTE
    dc.s                                     0x00000000   Number         0  dc.o ABSOLUTE
    startup_stm32g473xx.s                    0x00000000   Number         0  startup_stm32g473xx.o ABSOLUTE
    RESET                                    0x08000000   Section      472  startup_stm32g473xx.o(RESET)
    !!!main                                  0x080001d8   Section        8  __main.o(!!!main)
    !!!scatter                               0x080001e0   Section       52  __scatter.o(!!!scatter)
    !!handler_copy                           0x08000214   Section       26  __scatter_copy.o(!!handler_copy)
    !!handler_zi                             0x08000230   Section       28  __scatter_zi.o(!!handler_zi)
    .ARM.Collect$$libinit$$00000000          0x0800024c   Section        2  libinit.o(.ARM.Collect$$libinit$$00000000)
    .ARM.Collect$$libinit$$00000001          0x0800024e   Section        4  libinit2.o(.ARM.Collect$$libinit$$00000001)
    .ARM.Collect$$libinit$$00000004          0x08000252   Section        0  libinit2.o(.ARM.Collect$$libinit$$00000004)
    .ARM.Collect$$libinit$$0000000A          0x08000252   Section        0  libinit2.o(.ARM.Collect$$libinit$$0000000A)
    .ARM.Collect$$libinit$$0000000C          0x08000252   Section        0  libinit2.o(.ARM.Collect$$libinit$$0000000C)
    .ARM.Collect$$libinit$$0000000E          0x08000252   Section        0  libinit2.o(.ARM.Collect$$libinit$$0000000E)
    .ARM.Collect$$libinit$$00000011          0x08000252   Section        0  libinit2.o(.ARM.Collect$$libinit$$00000011)
    .ARM.Collect$$libinit$$00000013          0x08000252   Section        0  libinit2.o(.ARM.Collect$$libinit$$00000013)
    .ARM.Collect$$libinit$$00000015          0x08000252   Section        0  libinit2.o(.ARM.Collect$$libinit$$00000015)
    .ARM.Collect$$libinit$$00000017          0x08000252   Section        0  libinit2.o(.ARM.Collect$$libinit$$00000017)
    .ARM.Collect$$libinit$$00000019          0x08000252   Section        0  libinit2.o(.ARM.Collect$$libinit$$00000019)
    .ARM.Collect$$libinit$$0000001B          0x08000252   Section        0  libinit2.o(.ARM.Collect$$libinit$$0000001B)
    .ARM.Collect$$libinit$$0000001D          0x08000252   Section        0  libinit2.o(.ARM.Collect$$libinit$$0000001D)
    .ARM.Collect$$libinit$$0000001F          0x08000252   Section        0  libinit2.o(.ARM.Collect$$libinit$$0000001F)
    .ARM.Collect$$libinit$$00000021          0x08000252   Section        0  libinit2.o(.ARM.Collect$$libinit$$00000021)
    .ARM.Collect$$libinit$$00000023          0x08000252   Section        0  libinit2.o(.ARM.Collect$$libinit$$00000023)
    .ARM.Collect$$libinit$$00000025          0x08000252   Section        0  libinit2.o(.ARM.Collect$$libinit$$00000025)
    .ARM.Collect$$libinit$$0000002C          0x08000252   Section        0  libinit2.o(.ARM.Collect$$libinit$$0000002C)
    .ARM.Collect$$libinit$$0000002E          0x08000252   Section        0  libinit2.o(.ARM.Collect$$libinit$$0000002E)
    .ARM.Collect$$libinit$$00000030          0x08000252   Section        0  libinit2.o(.ARM.Collect$$libinit$$00000030)
    .ARM.Collect$$libinit$$00000032          0x08000252   Section        0  libinit2.o(.ARM.Collect$$libinit$$00000032)
    .ARM.Collect$$libinit$$00000033          0x08000252   Section        2  libinit2.o(.ARM.Collect$$libinit$$00000033)
    .ARM.Collect$$libshutdown$$00000000      0x08000254   Section        2  libshutdown.o(.ARM.Collect$$libshutdown$$00000000)
    .ARM.Collect$$libshutdown$$00000002      0x08000256   Section        0  libshutdown2.o(.ARM.Collect$$libshutdown$$00000002)
    .ARM.Collect$$libshutdown$$00000004      0x08000256   Section        0  libshutdown2.o(.ARM.Collect$$libshutdown$$00000004)
    .ARM.Collect$$libshutdown$$00000006      0x08000256   Section        0  libshutdown2.o(.ARM.Collect$$libshutdown$$00000006)
    .ARM.Collect$$libshutdown$$00000009      0x08000256   Section        0  libshutdown2.o(.ARM.Collect$$libshutdown$$00000009)
    .ARM.Collect$$libshutdown$$0000000C      0x08000256   Section        0  libshutdown2.o(.ARM.Collect$$libshutdown$$0000000C)
    .ARM.Collect$$libshutdown$$0000000E      0x08000256   Section        0  libshutdown2.o(.ARM.Collect$$libshutdown$$0000000E)
    .ARM.Collect$$libshutdown$$00000011      0x08000256   Section        0  libshutdown2.o(.ARM.Collect$$libshutdown$$00000011)
    .ARM.Collect$$libshutdown$$00000012      0x08000256   Section        2  libshutdown2.o(.ARM.Collect$$libshutdown$$00000012)
    .ARM.Collect$$rtentry$$00000000          0x08000258   Section        0  __rtentry.o(.ARM.Collect$$rtentry$$00000000)
    .ARM.Collect$$rtentry$$00000002          0x08000258   Section        0  __rtentry2.o(.ARM.Collect$$rtentry$$00000002)
    .ARM.Collect$$rtentry$$00000004          0x08000258   Section        6  __rtentry4.o(.ARM.Collect$$rtentry$$00000004)
    .ARM.Collect$$rtentry$$00000009          0x0800025e   Section        0  __rtentry2.o(.ARM.Collect$$rtentry$$00000009)
    .ARM.Collect$$rtentry$$0000000A          0x0800025e   Section        4  __rtentry2.o(.ARM.Collect$$rtentry$$0000000A)
    .ARM.Collect$$rtentry$$0000000C          0x08000262   Section        0  __rtentry2.o(.ARM.Collect$$rtentry$$0000000C)
    .ARM.Collect$$rtentry$$0000000D          0x08000262   Section        8  __rtentry2.o(.ARM.Collect$$rtentry$$0000000D)
    .ARM.Collect$$rtexit$$00000000           0x0800026a   Section        2  rtexit.o(.ARM.Collect$$rtexit$$00000000)
    .ARM.Collect$$rtexit$$00000002           0x0800026c   Section        0  rtexit2.o(.ARM.Collect$$rtexit$$00000002)
    .ARM.Collect$$rtexit$$00000003           0x0800026c   Section        4  rtexit2.o(.ARM.Collect$$rtexit$$00000003)
    .ARM.Collect$$rtexit$$00000004           0x08000270   Section        6  rtexit2.o(.ARM.Collect$$rtexit$$00000004)
    .text                                    0x08000278   Section       64  startup_stm32g473xx.o(.text)
    $v0                                      0x08000278   Number         0  startup_stm32g473xx.o(.text)
    .text                                    0x080002b8   Section      100  rt_memcpy_w.o(.text)
    .text                                    0x0800031c   Section       78  rt_memclr_w.o(.text)
    .text                                    0x0800036a   Section        0  heapauxi.o(.text)
    .text                                    0x08000370   Section       74  sys_stackheap_outer.o(.text)
    .text                                    0x080003ba   Section        0  exit.o(.text)
    .text                                    0x080003cc   Section        8  libspace.o(.text)
    .text                                    0x080003d4   Section        0  sys_exit.o(.text)
    .text                                    0x080003e0   Section        2  use_no_semi.o(.text)
    .text                                    0x080003e2   Section        0  indicate_semi.o(.text)
    i.ADC_Disable                            0x080003e4   Section        0  stm32g4xx_hal_adc.o(i.ADC_Disable)
    i.ADC_Enable                             0x08000454   Section        0  stm32g4xx_hal_adc.o(i.ADC_Enable)
    i.BusFault_Handler                       0x08000518   Section        0  stm32g4xx_it.o(i.BusFault_Handler)
    i.DebugMon_Handler                       0x0800051a   Section        0  stm32g4xx_it.o(i.DebugMon_Handler)
    i.Error_Handler                          0x0800051c   Section        0  main.o(i.Error_Handler)
    i.FDCAN_CopyMessageToRAM                 0x08000520   Section        0  stm32g4xx_hal_fdcan.o(i.FDCAN_CopyMessageToRAM)
    FDCAN_CopyMessageToRAM                   0x08000521   Thumb Code   106  stm32g4xx_hal_fdcan.o(i.FDCAN_CopyMessageToRAM)
    i.FDCAN_Init                             0x08000590   Section        0  main.o(i.FDCAN_Init)
    i.HAL_ADCEx_Calibration_Start            0x080005d4   Section        0  stm32g4xx_hal_adc_ex.o(i.HAL_ADCEx_Calibration_Start)
    i.HAL_ADCEx_InjectedConfigChannel        0x08000668   Section        0  stm32g4xx_hal_adc_ex.o(i.HAL_ADCEx_InjectedConfigChannel)
    i.HAL_ADCEx_InjectedStart                0x08000bc8   Section        0  stm32g4xx_hal_adc_ex.o(i.HAL_ADCEx_InjectedStart)
    i.HAL_ADCEx_MultiModeConfigChannel       0x08000ce8   Section        0  stm32g4xx_hal_adc_ex.o(i.HAL_ADCEx_MultiModeConfigChannel)
    i.HAL_ADC_Init                           0x08000e48   Section        0  stm32g4xx_hal_adc.o(i.HAL_ADC_Init)
    i.HAL_ADC_MspInit                        0x08001078   Section        0  adc.o(i.HAL_ADC_MspInit)
    i.HAL_Delay                              0x080011e8   Section        0  stm32g4xx_hal.o(i.HAL_Delay)
    i.HAL_FDCAN_AddMessageToTxFifoQ          0x0800120c   Section        0  stm32g4xx_hal_fdcan.o(i.HAL_FDCAN_AddMessageToTxFifoQ)
    i.HAL_FDCAN_ConfigFilter                 0x08001256   Section        0  stm32g4xx_hal_fdcan.o(i.HAL_FDCAN_ConfigFilter)
    i.HAL_FDCAN_GetRxFifoFillLevel           0x080012b4   Section        0  stm32g4xx_hal_fdcan.o(i.HAL_FDCAN_GetRxFifoFillLevel)
    i.HAL_FDCAN_GetRxMessage                 0x080012cc   Section        0  stm32g4xx_hal_fdcan.o(i.HAL_FDCAN_GetRxMessage)
    i.HAL_FDCAN_Init                         0x080013e0   Section        0  stm32g4xx_hal_fdcan.o(i.HAL_FDCAN_Init)
    i.HAL_FDCAN_MspInit                      0x080015f8   Section        0  fdcan.o(i.HAL_FDCAN_MspInit)
    i.HAL_FDCAN_Start                        0x08001674   Section        0  stm32g4xx_hal_fdcan.o(i.HAL_FDCAN_Start)
    i.HAL_GPIO_Init                          0x080016a0   Section        0  stm32g4xx_hal_gpio.o(i.HAL_GPIO_Init)
    i.HAL_GPIO_WritePin                      0x080018e8   Section        0  stm32g4xx_hal_gpio.o(i.HAL_GPIO_WritePin)
    i.HAL_GetTick                            0x080018f4   Section        0  stm32g4xx_hal.o(i.HAL_GetTick)
    i.HAL_IncTick                            0x08001900   Section        0  stm32g4xx_hal.o(i.HAL_IncTick)
    i.HAL_Init                               0x08001910   Section        0  stm32g4xx_hal.o(i.HAL_Init)
    i.HAL_InitTick                           0x08001930   Section        0  stm32g4xx_hal_timebase_tim.o(i.HAL_InitTick)
    i.HAL_MspInit                            0x080019b8   Section        0  stm32g4xx_hal_msp.o(i.HAL_MspInit)
    i.HAL_NVIC_EnableIRQ                     0x080019e8   Section        0  stm32g4xx_hal_cortex.o(i.HAL_NVIC_EnableIRQ)
    i.HAL_NVIC_SetPriority                   0x08001a04   Section        0  stm32g4xx_hal_cortex.o(i.HAL_NVIC_SetPriority)
    i.HAL_NVIC_SetPriorityGrouping           0x08001a44   Section        0  stm32g4xx_hal_cortex.o(i.HAL_NVIC_SetPriorityGrouping)
    i.HAL_OPAMP_Init                         0x08001a68   Section        0  stm32g4xx_hal_opamp.o(i.HAL_OPAMP_Init)
    i.HAL_OPAMP_MspInit                      0x08001b5c   Section        0  opamp.o(i.HAL_OPAMP_MspInit)
    i.HAL_OPAMP_Start                        0x08001c10   Section        0  stm32g4xx_hal_opamp.o(i.HAL_OPAMP_Start)
    i.HAL_PWREx_ControlVoltageScaling        0x08001c3c   Section        0  stm32g4xx_hal_pwr_ex.o(i.HAL_PWREx_ControlVoltageScaling)
    i.HAL_PWREx_DisableUCPDDeadBattery       0x08001cf8   Section        0  stm32g4xx_hal_pwr_ex.o(i.HAL_PWREx_DisableUCPDDeadBattery)
    i.HAL_RCCEx_PeriphCLKConfig              0x08001d08   Section        0  stm32g4xx_hal_rcc_ex.o(i.HAL_RCCEx_PeriphCLKConfig)
    i.HAL_RCC_CSSCallback                    0x08002008   Section        0  stm32g4xx_hal_rcc.o(i.HAL_RCC_CSSCallback)
    i.HAL_RCC_ClockConfig                    0x0800200c   Section        0  stm32g4xx_hal_rcc.o(i.HAL_RCC_ClockConfig)
    i.HAL_RCC_EnableCSS                      0x080021e8   Section        0  stm32g4xx_hal_rcc.o(i.HAL_RCC_EnableCSS)
    i.HAL_RCC_GetClockConfig                 0x080021f8   Section        0  stm32g4xx_hal_rcc.o(i.HAL_RCC_GetClockConfig)
    i.HAL_RCC_GetPCLK1Freq                   0x08002238   Section        0  stm32g4xx_hal_rcc.o(i.HAL_RCC_GetPCLK1Freq)
    i.HAL_RCC_GetSysClockFreq                0x0800225c   Section        0  stm32g4xx_hal_rcc.o(i.HAL_RCC_GetSysClockFreq)
    i.HAL_RCC_NMI_IRQHandler                 0x080022cc   Section        0  stm32g4xx_hal_rcc.o(i.HAL_RCC_NMI_IRQHandler)
    i.HAL_RCC_OscConfig                      0x080022e4   Section        0  stm32g4xx_hal_rcc.o(i.HAL_RCC_OscConfig)
    i.HAL_TIMEx_ConfigBreakDeadTime          0x080026e8   Section        0  stm32g4xx_hal_tim_ex.o(i.HAL_TIMEx_ConfigBreakDeadTime)
    i.HAL_TIMEx_MasterConfigSynchronization  0x08002790   Section        0  stm32g4xx_hal_tim_ex.o(i.HAL_TIMEx_MasterConfigSynchronization)
    i.HAL_TIM_Base_Init                      0x08002848   Section        0  stm32g4xx_hal_tim.o(i.HAL_TIM_Base_Init)
    i.HAL_TIM_Base_MspInit                   0x080028ac   Section        0  tim.o(i.HAL_TIM_Base_MspInit)
    i.HAL_TIM_Base_Start                     0x0800290c   Section        0  stm32g4xx_hal_tim.o(i.HAL_TIM_Base_Start)
    i.HAL_TIM_Base_Start_IT                  0x0800298c   Section        0  stm32g4xx_hal_tim.o(i.HAL_TIM_Base_Start_IT)
    i.HAL_TIM_ConfigClockSource              0x08002a18   Section        0  stm32g4xx_hal_tim.o(i.HAL_TIM_ConfigClockSource)
    i.HAL_TIM_MspPostInit                    0x08002b20   Section        0  tim.o(i.HAL_TIM_MspPostInit)
    i.HAL_TIM_PWM_ConfigChannel              0x08002b74   Section        0  stm32g4xx_hal_tim.o(i.HAL_TIM_PWM_ConfigChannel)
    i.HAL_TIM_PWM_Init                       0x08002c98   Section        0  stm32g4xx_hal_tim.o(i.HAL_TIM_PWM_Init)
    i.HAL_TIM_PWM_MspInit                    0x08002cfc   Section        0  tim.o(i.HAL_TIM_PWM_MspInit)
    i.HAL_TIM_PWM_Start                      0x08002d38   Section        0  stm32g4xx_hal_tim.o(i.HAL_TIM_PWM_Start)
    i.HardFault_Handler                      0x08002e4c   Section        0  stm32g4xx_it.o(i.HardFault_Handler)
    i.LL_ADC_GetOffsetChannel                0x08002e4e   Section        0  stm32g4xx_hal_adc_ex.o(i.LL_ADC_GetOffsetChannel)
    LL_ADC_GetOffsetChannel                  0x08002e4f   Thumb Code    12  stm32g4xx_hal_adc_ex.o(i.LL_ADC_GetOffsetChannel)
    i.LL_ADC_INJ_IsConversionOngoing         0x08002e5a   Section        0  stm32g4xx_hal_adc.o(i.LL_ADC_INJ_IsConversionOngoing)
    LL_ADC_INJ_IsConversionOngoing           0x08002e5b   Thumb Code     8  stm32g4xx_hal_adc.o(i.LL_ADC_INJ_IsConversionOngoing)
    i.LL_ADC_INJ_IsConversionOngoing         0x08002e62   Section        0  stm32g4xx_hal_adc_ex.o(i.LL_ADC_INJ_IsConversionOngoing)
    LL_ADC_INJ_IsConversionOngoing           0x08002e63   Thumb Code     8  stm32g4xx_hal_adc_ex.o(i.LL_ADC_INJ_IsConversionOngoing)
    i.LL_ADC_REG_IsConversionOngoing         0x08002e6a   Section        0  stm32g4xx_hal_adc.o(i.LL_ADC_REG_IsConversionOngoing)
    LL_ADC_REG_IsConversionOngoing           0x08002e6b   Thumb Code     8  stm32g4xx_hal_adc.o(i.LL_ADC_REG_IsConversionOngoing)
    i.LL_ADC_REG_IsConversionOngoing         0x08002e72   Section        0  stm32g4xx_hal_adc_ex.o(i.LL_ADC_REG_IsConversionOngoing)
    LL_ADC_REG_IsConversionOngoing           0x08002e73   Thumb Code     8  stm32g4xx_hal_adc_ex.o(i.LL_ADC_REG_IsConversionOngoing)
    i.LL_ADC_SetChannelSamplingTime          0x08002e7a   Section        0  stm32g4xx_hal_adc_ex.o(i.LL_ADC_SetChannelSamplingTime)
    LL_ADC_SetChannelSamplingTime            0x08002e7b   Thumb Code    30  stm32g4xx_hal_adc_ex.o(i.LL_ADC_SetChannelSamplingTime)
    i.LL_ADC_SetOffsetState                  0x08002e98   Section        0  stm32g4xx_hal_adc_ex.o(i.LL_ADC_SetOffsetState)
    LL_ADC_SetOffsetState                    0x08002e99   Thumb Code    16  stm32g4xx_hal_adc_ex.o(i.LL_ADC_SetOffsetState)
    i.MX_ADC1_Init                           0x08002ea8   Section        0  adc.o(i.MX_ADC1_Init)
    i.MX_ADC2_Init                           0x08002f74   Section        0  adc.o(i.MX_ADC2_Init)
    i.MX_ADC3_Init                           0x0800302c   Section        0  adc.o(i.MX_ADC3_Init)
    i.MX_ADC4_Init                           0x080030f8   Section        0  adc.o(i.MX_ADC4_Init)
    i.MX_FDCAN1_Init                         0x080031b0   Section        0  fdcan.o(i.MX_FDCAN1_Init)
    i.MX_GPIO_Init                           0x08003208   Section        0  gpio.o(i.MX_GPIO_Init)
    i.MX_OPAMP1_Init                         0x08003318   Section        0  opamp.o(i.MX_OPAMP1_Init)
    i.MX_OPAMP2_Init                         0x08003350   Section        0  opamp.o(i.MX_OPAMP2_Init)
    i.MX_OPAMP3_Init                         0x08003388   Section        0  opamp.o(i.MX_OPAMP3_Init)
    i.MX_OPAMP6_Init                         0x080033c0   Section        0  opamp.o(i.MX_OPAMP6_Init)
    i.MX_TIM1_Init                           0x080033f4   Section        0  tim.o(i.MX_TIM1_Init)
    i.MX_TIM2_Init                           0x080034e0   Section        0  tim.o(i.MX_TIM2_Init)
    i.MX_TIM7_Init                           0x08003548   Section        0  tim.o(i.MX_TIM7_Init)
    i.MemManage_Handler                      0x08003590   Section        0  stm32g4xx_it.o(i.MemManage_Handler)
    i.NMI_Handler                            0x08003592   Section        0  stm32g4xx_it.o(i.NMI_Handler)
    i.PendSV_Handler                         0x08003598   Section        0  stm32g4xx_it.o(i.PendSV_Handler)
    i.SVC_Handler                            0x0800359a   Section        0  stm32g4xx_it.o(i.SVC_Handler)
    i.SysTick_Handler                        0x0800359c   Section        0  stm32g4xx_it.o(i.SysTick_Handler)
    i.SystemClock_Config                     0x0800359e   Section        0  main.o(i.SystemClock_Config)
    i.SystemInit                             0x08003608   Section        0  system_stm32g4xx.o(i.SystemInit)
    i.TIM1_CC_IRQHandler                     0x08003618   Section        0  stm32g4xx_it.o(i.TIM1_CC_IRQHandler)
    i.TIM2_IRQHandler                        0x0800376c   Section        0  stm32g4xx_it.o(i.TIM2_IRQHandler)
    i.TIM6_DAC_IRQHandler                    0x08003904   Section        0  stm32g4xx_it.o(i.TIM6_DAC_IRQHandler)
    i.TIM7_DAC_IRQHandler                    0x0800391c   Section        0  stm32g4xx_it.o(i.TIM7_DAC_IRQHandler)
    i.TIM_Base_SetConfig                     0x08003be0   Section        0  stm32g4xx_hal_tim.o(i.TIM_Base_SetConfig)
    i.TIM_CCxChannelCmd                      0x08003cc4   Section        0  stm32g4xx_hal_tim.o(i.TIM_CCxChannelCmd)
    i.TIM_ETR_SetConfig                      0x08003cde   Section        0  stm32g4xx_hal_tim.o(i.TIM_ETR_SetConfig)
    i.TIM_ITRx_SetConfig                     0x08003cf4   Section        0  stm32g4xx_hal_tim.o(i.TIM_ITRx_SetConfig)
    TIM_ITRx_SetConfig                       0x08003cf5   Thumb Code    16  stm32g4xx_hal_tim.o(i.TIM_ITRx_SetConfig)
    i.TIM_OC1_SetConfig                      0x08003d08   Section        0  stm32g4xx_hal_tim.o(i.TIM_OC1_SetConfig)
    TIM_OC1_SetConfig                        0x08003d09   Thumb Code   144  stm32g4xx_hal_tim.o(i.TIM_OC1_SetConfig)
    i.TIM_OC2_SetConfig                      0x08003db4   Section        0  stm32g4xx_hal_tim.o(i.TIM_OC2_SetConfig)
    i.TIM_OC3_SetConfig                      0x08003e54   Section        0  stm32g4xx_hal_tim.o(i.TIM_OC3_SetConfig)
    TIM_OC3_SetConfig                        0x08003e55   Thumb Code   130  stm32g4xx_hal_tim.o(i.TIM_OC3_SetConfig)
    i.TIM_OC4_SetConfig                      0x08003ef4   Section        0  stm32g4xx_hal_tim.o(i.TIM_OC4_SetConfig)
    TIM_OC4_SetConfig                        0x08003ef5   Thumb Code   132  stm32g4xx_hal_tim.o(i.TIM_OC4_SetConfig)
    i.TIM_OC5_SetConfig                      0x08003f94   Section        0  stm32g4xx_hal_tim.o(i.TIM_OC5_SetConfig)
    TIM_OC5_SetConfig                        0x08003f95   Thumb Code    92  stm32g4xx_hal_tim.o(i.TIM_OC5_SetConfig)
    i.TIM_OC6_SetConfig                      0x0800400c   Section        0  stm32g4xx_hal_tim.o(i.TIM_OC6_SetConfig)
    TIM_OC6_SetConfig                        0x0800400d   Thumb Code    94  stm32g4xx_hal_tim.o(i.TIM_OC6_SetConfig)
    i.TIM_TI1_ConfigInputStage               0x08004088   Section        0  stm32g4xx_hal_tim.o(i.TIM_TI1_ConfigInputStage)
    TIM_TI1_ConfigInputStage                 0x08004089   Thumb Code    34  stm32g4xx_hal_tim.o(i.TIM_TI1_ConfigInputStage)
    i.TIM_TI2_ConfigInputStage               0x080040aa   Section        0  stm32g4xx_hal_tim.o(i.TIM_TI2_ConfigInputStage)
    TIM_TI2_ConfigInputStage                 0x080040ab   Thumb Code    36  stm32g4xx_hal_tim.o(i.TIM_TI2_ConfigInputStage)
    i.UsageFault_Handler                     0x080040ce   Section        0  stm32g4xx_it.o(i.UsageFault_Handler)
    i.__NVIC_SetPriority                     0x080040d0   Section        0  stm32g4xx_hal_cortex.o(i.__NVIC_SetPriority)
    __NVIC_SetPriority                       0x080040d1   Thumb Code    32  stm32g4xx_hal_cortex.o(i.__NVIC_SetPriority)
    i.main                                   0x080040f0   Section        0  main.o(i.main)
    x$fpl$dfix                               0x08004248   Section       94  dfix.o(x$fpl$dfix)
    $v0                                      0x08004248   Number         0  dfix.o(x$fpl$dfix)
    x$fpl$dflt                               0x080042a6   Section       46  dflt_clz.o(x$fpl$dflt)
    $v0                                      0x080042a6   Number         0  dflt_clz.o(x$fpl$dflt)
    x$fpl$dmul                               0x080042d4   Section      340  dmul.o(x$fpl$dmul)
    $v0                                      0x080042d4   Number         0  dmul.o(x$fpl$dmul)
    x$fpl$dnaninf                            0x08004428   Section      156  dnaninf.o(x$fpl$dnaninf)
    $v0                                      0x08004428   Number         0  dnaninf.o(x$fpl$dnaninf)
    x$fpl$dretinf                            0x080044c4   Section       12  dretinf.o(x$fpl$dretinf)
    $v0                                      0x080044c4   Number         0  dretinf.o(x$fpl$dretinf)
    x$fpl$f2d                                0x080044d0   Section       86  f2d.o(x$fpl$f2d)
    $v0                                      0x080044d0   Number         0  f2d.o(x$fpl$f2d)
    x$fpl$fnaninf                            0x08004526   Section      140  fnaninf.o(x$fpl$fnaninf)
    $v0                                      0x08004526   Number         0  fnaninf.o(x$fpl$fnaninf)
    x$fpl$fpinit                             0x080045b2   Section       10  fpinit.o(x$fpl$fpinit)
    $v0                                      0x080045b2   Number         0  fpinit.o(x$fpl$fpinit)
    .constdata                               0x080045bc   Section       24  main.o(.constdata)
    x$fpl$usenofp                            0x080045bc   Section        0  usenofp.o(x$fpl$usenofp)
    .constdata                               0x080045d4   Section       16  stm32g4xx_hal_fdcan.o(.constdata)
    DLCtoBytes                               0x080045d4   Data          16  stm32g4xx_hal_fdcan.o(.constdata)
    .constdata                               0x080045e4   Section       16  system_stm32g4xx.o(.constdata)
    .constdata                               0x080045f4   Section        8  system_stm32g4xx.o(.constdata)
    .data                                    0x20000000   Section        4  sensor.o(.data)
    .data                                    0x20000004   Section        4  sensor.o(.data)
    .data                                    0x20000008   Section        4  sensor.o(.data)
    .data                                    0x2000000c   Section        4  sensor.o(.data)
    .data                                    0x20000010   Section        4  sensor.o(.data)
    .data                                    0x20000014   Section        4  sensor.o(.data)
    .data                                    0x20000018   Section        4  sensor.o(.data)
    .data                                    0x2000001c   Section        4  sensor.o(.data)
    .data                                    0x20000020   Section        4  sensor.o(.data)
    .data                                    0x20000024   Section        4  sensor.o(.data)
    .data                                    0x20000028   Section        4  sensor.o(.data)
    .data                                    0x2000002c   Section        4  sensor.o(.data)
    .data                                    0x20000030   Section        4  sensor.o(.data)
    .data                                    0x20000034   Section        4  sensor.o(.data)
    .data                                    0x20000038   Section        8  main.o(.data)
    .data                                    0x20000040   Section        8  adc.o(.data)
    HAL_RCC_ADC12_CLK_ENABLED                0x20000040   Data           4  adc.o(.data)
    HAL_RCC_ADC345_CLK_ENABLED               0x20000044   Data           4  adc.o(.data)
    .data                                    0x20000048   Section       24  stm32g4xx_it.o(.data)
    flag                                     0x2000004a   Data           1  stm32g4xx_it.o(.data)
    CAN_STATUS                               0x2000004b   Data           1  stm32g4xx_it.o(.data)
    CAN_RECEIVE_STATUS                       0x2000004c   Data           1  stm32g4xx_it.o(.data)
    protection_cnt                           0x20000058   Data           4  stm32g4xx_it.o(.data)
    .data                                    0x20000060   Section       12  stm32g4xx_hal.o(.data)
    .data                                    0x2000006c   Section        4  system_stm32g4xx.o(.data)
    .bss                                     0x20000070   Section      100  main.o(.bss)
    .bss                                     0x200000d4   Section      432  adc.o(.bss)
    .bss                                     0x20000284   Section      100  fdcan.o(.bss)
    .bss                                     0x200002e8   Section      240  opamp.o(.bss)
    .bss                                     0x200003d8   Section      228  tim.o(.bss)
    .bss                                     0x200004bc   Section       16  stm32g4xx_it.o(.bss)
    .bss                                     0x200004cc   Section       76  stm32g4xx_hal_timebase_tim.o(.bss)
    .bss                                     0x20000518   Section       96  libspace.o(.bss)
    HEAP                                     0x20000578   Section      512  startup_stm32g473xx.o(HEAP)
    Heap_Mem                                 0x20000578   Data         512  startup_stm32g473xx.o(HEAP)
    STACK                                    0x20000778   Section     1024  startup_stm32g473xx.o(STACK)
    Stack_Mem                                0x20000778   Data        1024  startup_stm32g473xx.o(STACK)
    __initial_sp                             0x20000b78   Data           0  startup_stm32g473xx.o(STACK)

    Global Symbols

    Symbol Name                              Value     Ov Type        Size  Object(Section)

    BuildAttributes$$THM_ISAv4$E$P$D$K$B$S$7EM$VFPi3$EXTD16$VFPS$VFMA$PE$A:L22UL41UL21$X:L11$S22US41US21$IEEE1$IW$USESV6$~STKCKD$USESV7$~SHL$OSPACE$ROPI$EBA8$UX$STANDARDLIB$REQ8$PRES8$EABIv2 0x00000000   Number         0  anon$$obj.o ABSOLUTE
    __ARM_use_no_argv                        0x00000000   Number         0  main.o ABSOLUTE
    __ARM_exceptions_init                     - Undefined Weak Reference
    __alloca_initialize                       - Undefined Weak Reference
    __arm_fini_                               - Undefined Weak Reference
    __arm_preinit_                            - Undefined Weak Reference
    __cpp_initialize__aeabi_                  - Undefined Weak Reference
    __cxa_finalize                            - Undefined Weak Reference
    __rt_locale                               - Undefined Weak Reference
    __sigvec_lookup                           - Undefined Weak Reference
    _atexit_init                              - Undefined Weak Reference
    _call_atexit_fns                          - Undefined Weak Reference
    _clock_init                               - Undefined Weak Reference
    _fp_trap_init                             - Undefined Weak Reference
    _fp_trap_shutdown                         - Undefined Weak Reference
    _get_lc_collate                           - Undefined Weak Reference
    _get_lc_ctype                             - Undefined Weak Reference
    _get_lc_monetary                          - Undefined Weak Reference
    _get_lc_numeric                           - Undefined Weak Reference
    _get_lc_time                              - Undefined Weak Reference
    _getenv_init                              - Undefined Weak Reference
    _handle_redirection                       - Undefined Weak Reference
    _init_alloc                               - Undefined Weak Reference
    _init_user_alloc                          - Undefined Weak Reference
    _initio                                   - Undefined Weak Reference
    _rand_init                                - Undefined Weak Reference
    _signal_finish                            - Undefined Weak Reference
    _signal_init                              - Undefined Weak Reference
    _terminate_alloc                          - Undefined Weak Reference
    _terminate_user_alloc                     - Undefined Weak Reference
    _terminateio                              - Undefined Weak Reference
    __Vectors_Size                           0x000001d8   Number         0  startup_stm32g473xx.o ABSOLUTE
    __Vectors                                0x08000000   Data           4  startup_stm32g473xx.o(RESET)
    __Vectors_End                            0x080001d8   Data           0  startup_stm32g473xx.o(RESET)
    __main                                   0x080001d9   Thumb Code     8  __main.o(!!!main)
    __scatterload                            0x080001e1   Thumb Code     0  __scatter.o(!!!scatter)
    __scatterload_rt2                        0x080001e1   Thumb Code    44  __scatter.o(!!!scatter)
    __scatterload_rt2_thumb_only             0x080001e1   Thumb Code     0  __scatter.o(!!!scatter)
    __scatterload_null                       0x080001ef   Thumb Code     0  __scatter.o(!!!scatter)
    __scatterload_copy                       0x08000215   Thumb Code    26  __scatter_copy.o(!!handler_copy)
    __scatterload_zeroinit                   0x08000231   Thumb Code    28  __scatter_zi.o(!!handler_zi)
    __rt_lib_init                            0x0800024d   Thumb Code     0  libinit.o(.ARM.Collect$$libinit$$00000000)
    __rt_lib_init_fp_1                       0x0800024f   Thumb Code     0  libinit2.o(.ARM.Collect$$libinit$$00000001)
    __rt_lib_init_alloca_1                   0x08000253   Thumb Code     0  libinit2.o(.ARM.Collect$$libinit$$0000002E)
    __rt_lib_init_argv_1                     0x08000253   Thumb Code     0  libinit2.o(.ARM.Collect$$libinit$$0000002C)
    __rt_lib_init_atexit_1                   0x08000253   Thumb Code     0  libinit2.o(.ARM.Collect$$libinit$$0000001B)
    __rt_lib_init_clock_1                    0x08000253   Thumb Code     0  libinit2.o(.ARM.Collect$$libinit$$00000021)
    __rt_lib_init_cpp_1                      0x08000253   Thumb Code     0  libinit2.o(.ARM.Collect$$libinit$$00000032)
    __rt_lib_init_exceptions_1               0x08000253   Thumb Code     0  libinit2.o(.ARM.Collect$$libinit$$00000030)
    __rt_lib_init_fp_trap_1                  0x08000253   Thumb Code     0  libinit2.o(.ARM.Collect$$libinit$$0000001F)
    __rt_lib_init_getenv_1                   0x08000253   Thumb Code     0  libinit2.o(.ARM.Collect$$libinit$$00000023)
    __rt_lib_init_heap_1                     0x08000253   Thumb Code     0  libinit2.o(.ARM.Collect$$libinit$$0000000A)
    __rt_lib_init_lc_collate_1               0x08000253   Thumb Code     0  libinit2.o(.ARM.Collect$$libinit$$00000011)
    __rt_lib_init_lc_ctype_1                 0x08000253   Thumb Code     0  libinit2.o(.ARM.Collect$$libinit$$00000013)
    __rt_lib_init_lc_monetary_1              0x08000253   Thumb Code     0  libinit2.o(.ARM.Collect$$libinit$$00000015)
    __rt_lib_init_lc_numeric_1               0x08000253   Thumb Code     0  libinit2.o(.ARM.Collect$$libinit$$00000017)
    __rt_lib_init_lc_time_1                  0x08000253   Thumb Code     0  libinit2.o(.ARM.Collect$$libinit$$00000019)
    __rt_lib_init_preinit_1                  0x08000253   Thumb Code     0  libinit2.o(.ARM.Collect$$libinit$$00000004)
    __rt_lib_init_rand_1                     0x08000253   Thumb Code     0  libinit2.o(.ARM.Collect$$libinit$$0000000E)
    __rt_lib_init_return                     0x08000253   Thumb Code     0  libinit2.o(.ARM.Collect$$libinit$$00000033)
    __rt_lib_init_signal_1                   0x08000253   Thumb Code     0  libinit2.o(.ARM.Collect$$libinit$$0000001D)
    __rt_lib_init_stdio_1                    0x08000253   Thumb Code     0  libinit2.o(.ARM.Collect$$libinit$$00000025)
    __rt_lib_init_user_alloc_1               0x08000253   Thumb Code     0  libinit2.o(.ARM.Collect$$libinit$$0000000C)
    __rt_lib_shutdown                        0x08000255   Thumb Code     0  libshutdown.o(.ARM.Collect$$libshutdown$$00000000)
    __rt_lib_shutdown_cpp_1                  0x08000257   Thumb Code     0  libshutdown2.o(.ARM.Collect$$libshutdown$$00000004)
    __rt_lib_shutdown_fini_1                 0x08000257   Thumb Code     0  libshutdown2.o(.ARM.Collect$$libshutdown$$00000002)
    __rt_lib_shutdown_fp_trap_1              0x08000257   Thumb Code     0  libshutdown2.o(.ARM.Collect$$libshutdown$$00000009)
    __rt_lib_shutdown_heap_1                 0x08000257   Thumb Code     0  libshutdown2.o(.ARM.Collect$$libshutdown$$00000011)
    __rt_lib_shutdown_return                 0x08000257   Thumb Code     0  libshutdown2.o(.ARM.Collect$$libshutdown$$00000012)
    __rt_lib_shutdown_signal_1               0x08000257   Thumb Code     0  libshutdown2.o(.ARM.Collect$$libshutdown$$0000000C)
    __rt_lib_shutdown_stdio_1                0x08000257   Thumb Code     0  libshutdown2.o(.ARM.Collect$$libshutdown$$00000006)
    __rt_lib_shutdown_user_alloc_1           0x08000257   Thumb Code     0  libshutdown2.o(.ARM.Collect$$libshutdown$$0000000E)
    __rt_entry                               0x08000259   Thumb Code     0  __rtentry.o(.ARM.Collect$$rtentry$$00000000)
    __rt_entry_presh_1                       0x08000259   Thumb Code     0  __rtentry2.o(.ARM.Collect$$rtentry$$00000002)
    __rt_entry_sh                            0x08000259   Thumb Code     0  __rtentry4.o(.ARM.Collect$$rtentry$$00000004)
    __rt_entry_li                            0x0800025f   Thumb Code     0  __rtentry2.o(.ARM.Collect$$rtentry$$0000000A)
    __rt_entry_postsh_1                      0x0800025f   Thumb Code     0  __rtentry2.o(.ARM.Collect$$rtentry$$00000009)
    __rt_entry_main                          0x08000263   Thumb Code     0  __rtentry2.o(.ARM.Collect$$rtentry$$0000000D)
    __rt_entry_postli_1                      0x08000263   Thumb Code     0  __rtentry2.o(.ARM.Collect$$rtentry$$0000000C)
    __rt_exit                                0x0800026b   Thumb Code     0  rtexit.o(.ARM.Collect$$rtexit$$00000000)
    __rt_exit_ls                             0x0800026d   Thumb Code     0  rtexit2.o(.ARM.Collect$$rtexit$$00000003)
    __rt_exit_prels_1                        0x0800026d   Thumb Code     0  rtexit2.o(.ARM.Collect$$rtexit$$00000002)
    __rt_exit_exit                           0x08000271   Thumb Code     0  rtexit2.o(.ARM.Collect$$rtexit$$00000004)
    Reset_Handler                            0x08000279   Thumb Code     8  startup_stm32g473xx.o(.text)
    ADC1_2_IRQHandler                        0x08000293   Thumb Code     0  startup_stm32g473xx.o(.text)
    ADC3_IRQHandler                          0x08000293   Thumb Code     0  startup_stm32g473xx.o(.text)
    ADC4_IRQHandler                          0x08000293   Thumb Code     0  startup_stm32g473xx.o(.text)
    ADC5_IRQHandler                          0x08000293   Thumb Code     0  startup_stm32g473xx.o(.text)
    COMP1_2_3_IRQHandler                     0x08000293   Thumb Code     0  startup_stm32g473xx.o(.text)
    COMP4_5_6_IRQHandler                     0x08000293   Thumb Code     0  startup_stm32g473xx.o(.text)
    COMP7_IRQHandler                         0x08000293   Thumb Code     0  startup_stm32g473xx.o(.text)
    CORDIC_IRQHandler                        0x08000293   Thumb Code     0  startup_stm32g473xx.o(.text)
    CRS_IRQHandler                           0x08000293   Thumb Code     0  startup_stm32g473xx.o(.text)
    DMA1_Channel1_IRQHandler                 0x08000293   Thumb Code     0  startup_stm32g473xx.o(.text)
    DMA1_Channel2_IRQHandler                 0x08000293   Thumb Code     0  startup_stm32g473xx.o(.text)
    DMA1_Channel3_IRQHandler                 0x08000293   Thumb Code     0  startup_stm32g473xx.o(.text)
    DMA1_Channel4_IRQHandler                 0x08000293   Thumb Code     0  startup_stm32g473xx.o(.text)
    DMA1_Channel5_IRQHandler                 0x08000293   Thumb Code     0  startup_stm32g473xx.o(.text)
    DMA1_Channel6_IRQHandler                 0x08000293   Thumb Code     0  startup_stm32g473xx.o(.text)
    DMA1_Channel7_IRQHandler                 0x08000293   Thumb Code     0  startup_stm32g473xx.o(.text)
    DMA1_Channel8_IRQHandler                 0x08000293   Thumb Code     0  startup_stm32g473xx.o(.text)
    DMA2_Channel1_IRQHandler                 0x08000293   Thumb Code     0  startup_stm32g473xx.o(.text)
    DMA2_Channel2_IRQHandler                 0x08000293   Thumb Code     0  startup_stm32g473xx.o(.text)
    DMA2_Channel3_IRQHandler                 0x08000293   Thumb Code     0  startup_stm32g473xx.o(.text)
    DMA2_Channel4_IRQHandler                 0x08000293   Thumb Code     0  startup_stm32g473xx.o(.text)
    DMA2_Channel5_IRQHandler                 0x08000293   Thumb Code     0  startup_stm32g473xx.o(.text)
    DMA2_Channel6_IRQHandler                 0x08000293   Thumb Code     0  startup_stm32g473xx.o(.text)
    DMA2_Channel7_IRQHandler                 0x08000293   Thumb Code     0  startup_stm32g473xx.o(.text)
    DMA2_Channel8_IRQHandler                 0x08000293   Thumb Code     0  startup_stm32g473xx.o(.text)
    DMAMUX_OVR_IRQHandler                    0x08000293   Thumb Code     0  startup_stm32g473xx.o(.text)
    EXTI0_IRQHandler                         0x08000293   Thumb Code     0  startup_stm32g473xx.o(.text)
    EXTI15_10_IRQHandler                     0x08000293   Thumb Code     0  startup_stm32g473xx.o(.text)
    EXTI1_IRQHandler                         0x08000293   Thumb Code     0  startup_stm32g473xx.o(.text)
    EXTI2_IRQHandler                         0x08000293   Thumb Code     0  startup_stm32g473xx.o(.text)
    EXTI3_IRQHandler                         0x08000293   Thumb Code     0  startup_stm32g473xx.o(.text)
    EXTI4_IRQHandler                         0x08000293   Thumb Code     0  startup_stm32g473xx.o(.text)
    EXTI9_5_IRQHandler                       0x08000293   Thumb Code     0  startup_stm32g473xx.o(.text)
    FDCAN1_IT0_IRQHandler                    0x08000293   Thumb Code     0  startup_stm32g473xx.o(.text)
    FDCAN1_IT1_IRQHandler                    0x08000293   Thumb Code     0  startup_stm32g473xx.o(.text)
    FDCAN2_IT0_IRQHandler                    0x08000293   Thumb Code     0  startup_stm32g473xx.o(.text)
    FDCAN2_IT1_IRQHandler                    0x08000293   Thumb Code     0  startup_stm32g473xx.o(.text)
    FDCAN3_IT0_IRQHandler                    0x08000293   Thumb Code     0  startup_stm32g473xx.o(.text)
    FDCAN3_IT1_IRQHandler                    0x08000293   Thumb Code     0  startup_stm32g473xx.o(.text)
    FLASH_IRQHandler                         0x08000293   Thumb Code     0  startup_stm32g473xx.o(.text)
    FMAC_IRQHandler                          0x08000293   Thumb Code     0  startup_stm32g473xx.o(.text)
    FMC_IRQHandler                           0x08000293   Thumb Code     0  startup_stm32g473xx.o(.text)
    FPU_IRQHandler                           0x08000293   Thumb Code     0  startup_stm32g473xx.o(.text)
    I2C1_ER_IRQHandler                       0x08000293   Thumb Code     0  startup_stm32g473xx.o(.text)
    I2C1_EV_IRQHandler                       0x08000293   Thumb Code     0  startup_stm32g473xx.o(.text)
    I2C2_ER_IRQHandler                       0x08000293   Thumb Code     0  startup_stm32g473xx.o(.text)
    I2C2_EV_IRQHandler                       0x08000293   Thumb Code     0  startup_stm32g473xx.o(.text)
    I2C3_ER_IRQHandler                       0x08000293   Thumb Code     0  startup_stm32g473xx.o(.text)
    I2C3_EV_IRQHandler                       0x08000293   Thumb Code     0  startup_stm32g473xx.o(.text)
    I2C4_ER_IRQHandler                       0x08000293   Thumb Code     0  startup_stm32g473xx.o(.text)
    I2C4_EV_IRQHandler                       0x08000293   Thumb Code     0  startup_stm32g473xx.o(.text)
    LPTIM1_IRQHandler                        0x08000293   Thumb Code     0  startup_stm32g473xx.o(.text)
    LPUART1_IRQHandler                       0x08000293   Thumb Code     0  startup_stm32g473xx.o(.text)
    PVD_PVM_IRQHandler                       0x08000293   Thumb Code     0  startup_stm32g473xx.o(.text)
    QUADSPI_IRQHandler                       0x08000293   Thumb Code     0  startup_stm32g473xx.o(.text)
    RCC_IRQHandler                           0x08000293   Thumb Code     0  startup_stm32g473xx.o(.text)
    RNG_IRQHandler                           0x08000293   Thumb Code     0  startup_stm32g473xx.o(.text)
    RTC_Alarm_IRQHandler                     0x08000293   Thumb Code     0  startup_stm32g473xx.o(.text)
    RTC_TAMP_LSECSS_IRQHandler               0x08000293   Thumb Code     0  startup_stm32g473xx.o(.text)
    RTC_WKUP_IRQHandler                      0x08000293   Thumb Code     0  startup_stm32g473xx.o(.text)
    SAI1_IRQHandler                          0x08000293   Thumb Code     0  startup_stm32g473xx.o(.text)
    SPI1_IRQHandler                          0x08000293   Thumb Code     0  startup_stm32g473xx.o(.text)
    SPI2_IRQHandler                          0x08000293   Thumb Code     0  startup_stm32g473xx.o(.text)
    SPI3_IRQHandler                          0x08000293   Thumb Code     0  startup_stm32g473xx.o(.text)
    SPI4_IRQHandler                          0x08000293   Thumb Code     0  startup_stm32g473xx.o(.text)
    TIM1_BRK_TIM15_IRQHandler                0x08000293   Thumb Code     0  startup_stm32g473xx.o(.text)
    TIM1_TRG_COM_TIM17_IRQHandler            0x08000293   Thumb Code     0  startup_stm32g473xx.o(.text)
    TIM1_UP_TIM16_IRQHandler                 0x08000293   Thumb Code     0  startup_stm32g473xx.o(.text)
    TIM20_BRK_IRQHandler                     0x08000293   Thumb Code     0  startup_stm32g473xx.o(.text)
    TIM20_CC_IRQHandler                      0x08000293   Thumb Code     0  startup_stm32g473xx.o(.text)
    TIM20_TRG_COM_IRQHandler                 0x08000293   Thumb Code     0  startup_stm32g473xx.o(.text)
    TIM20_UP_IRQHandler                      0x08000293   Thumb Code     0  startup_stm32g473xx.o(.text)
    TIM3_IRQHandler                          0x08000293   Thumb Code     0  startup_stm32g473xx.o(.text)
    TIM4_IRQHandler                          0x08000293   Thumb Code     0  startup_stm32g473xx.o(.text)
    TIM5_IRQHandler                          0x08000293   Thumb Code     0  startup_stm32g473xx.o(.text)
    TIM8_BRK_IRQHandler                      0x08000293   Thumb Code     0  startup_stm32g473xx.o(.text)
    TIM8_CC_IRQHandler                       0x08000293   Thumb Code     0  startup_stm32g473xx.o(.text)
    TIM8_TRG_COM_IRQHandler                  0x08000293   Thumb Code     0  startup_stm32g473xx.o(.text)
    TIM8_UP_IRQHandler                       0x08000293   Thumb Code     0  startup_stm32g473xx.o(.text)
    UART4_IRQHandler                         0x08000293   Thumb Code     0  startup_stm32g473xx.o(.text)
    UART5_IRQHandler                         0x08000293   Thumb Code     0  startup_stm32g473xx.o(.text)
    UCPD1_IRQHandler                         0x08000293   Thumb Code     0  startup_stm32g473xx.o(.text)
    USART1_IRQHandler                        0x08000293   Thumb Code     0  startup_stm32g473xx.o(.text)
    USART2_IRQHandler                        0x08000293   Thumb Code     0  startup_stm32g473xx.o(.text)
    USART3_IRQHandler                        0x08000293   Thumb Code     0  startup_stm32g473xx.o(.text)
    USBWakeUp_IRQHandler                     0x08000293   Thumb Code     0  startup_stm32g473xx.o(.text)
    USB_HP_IRQHandler                        0x08000293   Thumb Code     0  startup_stm32g473xx.o(.text)
    USB_LP_IRQHandler                        0x08000293   Thumb Code     0  startup_stm32g473xx.o(.text)
    WWDG_IRQHandler                          0x08000293   Thumb Code     0  startup_stm32g473xx.o(.text)
    __user_initial_stackheap                 0x08000295   Thumb Code     0  startup_stm32g473xx.o(.text)
    __aeabi_memcpy4                          0x080002b9   Thumb Code     0  rt_memcpy_w.o(.text)
    __aeabi_memcpy8                          0x080002b9   Thumb Code     0  rt_memcpy_w.o(.text)
    __rt_memcpy_w                            0x080002b9   Thumb Code   100  rt_memcpy_w.o(.text)
    _memcpy_lastbytes_aligned                0x08000301   Thumb Code     0  rt_memcpy_w.o(.text)
    __aeabi_memclr4                          0x0800031d   Thumb Code     0  rt_memclr_w.o(.text)
    __aeabi_memclr8                          0x0800031d   Thumb Code     0  rt_memclr_w.o(.text)
    __rt_memclr_w                            0x0800031d   Thumb Code    78  rt_memclr_w.o(.text)
    _memset_w                                0x08000321   Thumb Code     0  rt_memclr_w.o(.text)
    __use_two_region_memory                  0x0800036b   Thumb Code     2  heapauxi.o(.text)
    __rt_heap_escrow$2region                 0x0800036d   Thumb Code     2  heapauxi.o(.text)
    __rt_heap_expand$2region                 0x0800036f   Thumb Code     2  heapauxi.o(.text)
    __user_setup_stackheap                   0x08000371   Thumb Code    74  sys_stackheap_outer.o(.text)
    exit                                     0x080003bb   Thumb Code    18  exit.o(.text)
    __user_libspace                          0x080003cd   Thumb Code     8  libspace.o(.text)
    __user_perproc_libspace                  0x080003cd   Thumb Code     0  libspace.o(.text)
    __user_perthread_libspace                0x080003cd   Thumb Code     0  libspace.o(.text)
    _sys_exit                                0x080003d5   Thumb Code     8  sys_exit.o(.text)
    __I$use$semihosting                      0x080003e1   Thumb Code     0  use_no_semi.o(.text)
    __use_no_semihosting_swi                 0x080003e1   Thumb Code     2  use_no_semi.o(.text)
    __semihosting_library_function           0x080003e3   Thumb Code     0  indicate_semi.o(.text)
    ADC_Disable                              0x080003e5   Thumb Code   106  stm32g4xx_hal_adc.o(i.ADC_Disable)
    ADC_Enable                               0x08000455   Thumb Code   172  stm32g4xx_hal_adc.o(i.ADC_Enable)
    BusFault_Handler                         0x08000519   Thumb Code     2  stm32g4xx_it.o(i.BusFault_Handler)
    DebugMon_Handler                         0x0800051b   Thumb Code     2  stm32g4xx_it.o(i.DebugMon_Handler)
    Error_Handler                            0x0800051d   Thumb Code     4  main.o(i.Error_Handler)
    FDCAN_Init                               0x08000591   Thumb Code    56  main.o(i.FDCAN_Init)
    HAL_ADCEx_Calibration_Start              0x080005d5   Thumb Code   138  stm32g4xx_hal_adc_ex.o(i.HAL_ADCEx_Calibration_Start)
    HAL_ADCEx_InjectedConfigChannel          0x08000669   Thumb Code  1324  stm32g4xx_hal_adc_ex.o(i.HAL_ADCEx_InjectedConfigChannel)
    HAL_ADCEx_InjectedStart                  0x08000bc9   Thumb Code   262  stm32g4xx_hal_adc_ex.o(i.HAL_ADCEx_InjectedStart)
    HAL_ADCEx_MultiModeConfigChannel         0x08000ce9   Thumb Code   326  stm32g4xx_hal_adc_ex.o(i.HAL_ADCEx_MultiModeConfigChannel)
    HAL_ADC_Init                             0x08000e49   Thumb Code   510  stm32g4xx_hal_adc.o(i.HAL_ADC_Init)
    HAL_ADC_MspInit                          0x08001079   Thumb Code   342  adc.o(i.HAL_ADC_MspInit)
    HAL_Delay                                0x080011e9   Thumb Code    32  stm32g4xx_hal.o(i.HAL_Delay)
    HAL_FDCAN_AddMessageToTxFifoQ            0x0800120d   Thumb Code    74  stm32g4xx_hal_fdcan.o(i.HAL_FDCAN_AddMessageToTxFifoQ)
    HAL_FDCAN_ConfigFilter                   0x08001257   Thumb Code    92  stm32g4xx_hal_fdcan.o(i.HAL_FDCAN_ConfigFilter)
    HAL_FDCAN_GetRxFifoFillLevel             0x080012b5   Thumb Code    24  stm32g4xx_hal_fdcan.o(i.HAL_FDCAN_GetRxFifoFillLevel)
    HAL_FDCAN_GetRxMessage                   0x080012cd   Thumb Code   270  stm32g4xx_hal_fdcan.o(i.HAL_FDCAN_GetRxMessage)
    HAL_FDCAN_Init                           0x080013e1   Thumb Code   512  stm32g4xx_hal_fdcan.o(i.HAL_FDCAN_Init)
    HAL_FDCAN_MspInit                        0x080015f9   Thumb Code   116  fdcan.o(i.HAL_FDCAN_MspInit)
    HAL_FDCAN_Start                          0x08001675   Thumb Code    44  stm32g4xx_hal_fdcan.o(i.HAL_FDCAN_Start)
    HAL_GPIO_Init                            0x080016a1   Thumb Code   550  stm32g4xx_hal_gpio.o(i.HAL_GPIO_Init)
    HAL_GPIO_WritePin                        0x080018e9   Thumb Code    10  stm32g4xx_hal_gpio.o(i.HAL_GPIO_WritePin)
    HAL_GetTick                              0x080018f5   Thumb Code     6  stm32g4xx_hal.o(i.HAL_GetTick)
    HAL_IncTick                              0x08001901   Thumb Code    12  stm32g4xx_hal.o(i.HAL_IncTick)
    HAL_Init                                 0x08001911   Thumb Code    30  stm32g4xx_hal.o(i.HAL_Init)
    HAL_InitTick                             0x08001931   Thumb Code   116  stm32g4xx_hal_timebase_tim.o(i.HAL_InitTick)
    HAL_MspInit                              0x080019b9   Thumb Code    42  stm32g4xx_hal_msp.o(i.HAL_MspInit)
    HAL_NVIC_EnableIRQ                       0x080019e9   Thumb Code    26  stm32g4xx_hal_cortex.o(i.HAL_NVIC_EnableIRQ)
    HAL_NVIC_SetPriority                     0x08001a05   Thumb Code    60  stm32g4xx_hal_cortex.o(i.HAL_NVIC_SetPriority)
    HAL_NVIC_SetPriorityGrouping             0x08001a45   Thumb Code    26  stm32g4xx_hal_cortex.o(i.HAL_NVIC_SetPriorityGrouping)
    HAL_OPAMP_Init                           0x08001a69   Thumb Code   236  stm32g4xx_hal_opamp.o(i.HAL_OPAMP_Init)
    HAL_OPAMP_MspInit                        0x08001b5d   Thumb Code   166  opamp.o(i.HAL_OPAMP_MspInit)
    HAL_OPAMP_Start                          0x08001c11   Thumb Code    44  stm32g4xx_hal_opamp.o(i.HAL_OPAMP_Start)
    HAL_PWREx_ControlVoltageScaling          0x08001c3d   Thumb Code   174  stm32g4xx_hal_pwr_ex.o(i.HAL_PWREx_ControlVoltageScaling)
    HAL_PWREx_DisableUCPDDeadBattery         0x08001cf9   Thumb Code    12  stm32g4xx_hal_pwr_ex.o(i.HAL_PWREx_DisableUCPDDeadBattery)
    HAL_RCCEx_PeriphCLKConfig                0x08001d09   Thumb Code   758  stm32g4xx_hal_rcc_ex.o(i.HAL_RCCEx_PeriphCLKConfig)
    HAL_RCC_CSSCallback                      0x08002009   Thumb Code     2  stm32g4xx_hal_rcc.o(i.HAL_RCC_CSSCallback)
    HAL_RCC_ClockConfig                      0x0800200d   Thumb Code   444  stm32g4xx_hal_rcc.o(i.HAL_RCC_ClockConfig)
    HAL_RCC_EnableCSS                        0x080021e9   Thumb Code    12  stm32g4xx_hal_rcc.o(i.HAL_RCC_EnableCSS)
    HAL_RCC_GetClockConfig                   0x080021f9   Thumb Code    54  stm32g4xx_hal_rcc.o(i.HAL_RCC_GetClockConfig)
    HAL_RCC_GetPCLK1Freq                     0x08002239   Thumb Code    24  stm32g4xx_hal_rcc.o(i.HAL_RCC_GetPCLK1Freq)
    HAL_RCC_GetSysClockFreq                  0x0800225d   Thumb Code    98  stm32g4xx_hal_rcc.o(i.HAL_RCC_GetSysClockFreq)
    HAL_RCC_NMI_IRQHandler                   0x080022cd   Thumb Code    20  stm32g4xx_hal_rcc.o(i.HAL_RCC_NMI_IRQHandler)
    HAL_RCC_OscConfig                        0x080022e5   Thumb Code  1028  stm32g4xx_hal_rcc.o(i.HAL_RCC_OscConfig)
    HAL_TIMEx_ConfigBreakDeadTime            0x080026e9   Thumb Code   154  stm32g4xx_hal_tim_ex.o(i.HAL_TIMEx_ConfigBreakDeadTime)
    HAL_TIMEx_MasterConfigSynchronization    0x08002791   Thumb Code   150  stm32g4xx_hal_tim_ex.o(i.HAL_TIMEx_MasterConfigSynchronization)
    HAL_TIM_Base_Init                        0x08002849   Thumb Code    98  stm32g4xx_hal_tim.o(i.HAL_TIM_Base_Init)
    HAL_TIM_Base_MspInit                     0x080028ad   Thumb Code    86  tim.o(i.HAL_TIM_Base_MspInit)
    HAL_TIM_Base_Start                       0x0800290d   Thumb Code    96  stm32g4xx_hal_tim.o(i.HAL_TIM_Base_Start)
    HAL_TIM_Base_Start_IT                    0x0800298d   Thumb Code   106  stm32g4xx_hal_tim.o(i.HAL_TIM_Base_Start_IT)
    HAL_TIM_ConfigClockSource                0x08002a19   Thumb Code   256  stm32g4xx_hal_tim.o(i.HAL_TIM_ConfigClockSource)
    HAL_TIM_MspPostInit                      0x08002b21   Thumb Code    74  tim.o(i.HAL_TIM_MspPostInit)
    HAL_TIM_PWM_ConfigChannel                0x08002b75   Thumb Code   292  stm32g4xx_hal_tim.o(i.HAL_TIM_PWM_ConfigChannel)
    HAL_TIM_PWM_Init                         0x08002c99   Thumb Code    98  stm32g4xx_hal_tim.o(i.HAL_TIM_PWM_Init)
    HAL_TIM_PWM_MspInit                      0x08002cfd   Thumb Code    50  tim.o(i.HAL_TIM_PWM_MspInit)
    HAL_TIM_PWM_Start                        0x08002d39   Thumb Code   234  stm32g4xx_hal_tim.o(i.HAL_TIM_PWM_Start)
    HardFault_Handler                        0x08002e4d   Thumb Code     2  stm32g4xx_it.o(i.HardFault_Handler)
    MX_ADC1_Init                             0x08002ea9   Thumb Code   190  adc.o(i.MX_ADC1_Init)
    MX_ADC2_Init                             0x08002f75   Thumb Code   166  adc.o(i.MX_ADC2_Init)
    MX_ADC3_Init                             0x0800302d   Thumb Code   188  adc.o(i.MX_ADC3_Init)
    MX_ADC4_Init                             0x080030f9   Thumb Code   166  adc.o(i.MX_ADC4_Init)
    MX_FDCAN1_Init                           0x080031b1   Thumb Code    80  fdcan.o(i.MX_FDCAN1_Init)
    MX_GPIO_Init                             0x08003209   Thumb Code   250  gpio.o(i.MX_GPIO_Init)
    MX_OPAMP1_Init                           0x08003319   Thumb Code    48  opamp.o(i.MX_OPAMP1_Init)
    MX_OPAMP2_Init                           0x08003351   Thumb Code    48  opamp.o(i.MX_OPAMP2_Init)
    MX_OPAMP3_Init                           0x08003389   Thumb Code    46  opamp.o(i.MX_OPAMP3_Init)
    MX_OPAMP6_Init                           0x080033c1   Thumb Code    44  opamp.o(i.MX_OPAMP6_Init)
    MX_TIM1_Init                             0x080033f5   Thumb Code   228  tim.o(i.MX_TIM1_Init)
    MX_TIM2_Init                             0x080034e1   Thumb Code   100  tim.o(i.MX_TIM2_Init)
    MX_TIM7_Init                             0x08003549   Thumb Code    62  tim.o(i.MX_TIM7_Init)
    MemManage_Handler                        0x08003591   Thumb Code     2  stm32g4xx_it.o(i.MemManage_Handler)
    NMI_Handler                              0x08003593   Thumb Code     6  stm32g4xx_it.o(i.NMI_Handler)
    PendSV_Handler                           0x08003599   Thumb Code     2  stm32g4xx_it.o(i.PendSV_Handler)
    SVC_Handler                              0x0800359b   Thumb Code     2  stm32g4xx_it.o(i.SVC_Handler)
    SysTick_Handler                          0x0800359d   Thumb Code     2  stm32g4xx_it.o(i.SysTick_Handler)
    SystemClock_Config                       0x0800359f   Thumb Code   104  main.o(i.SystemClock_Config)
    SystemInit                               0x08003609   Thumb Code    12  system_stm32g4xx.o(i.SystemInit)
    TIM1_CC_IRQHandler                       0x08003619   Thumb Code   272  stm32g4xx_it.o(i.TIM1_CC_IRQHandler)
    TIM2_IRQHandler                          0x0800376d   Thumb Code   334  stm32g4xx_it.o(i.TIM2_IRQHandler)
    TIM6_DAC_IRQHandler                      0x08003905   Thumb Code    18  stm32g4xx_it.o(i.TIM6_DAC_IRQHandler)
    TIM7_DAC_IRQHandler                      0x0800391d   Thumb Code   636  stm32g4xx_it.o(i.TIM7_DAC_IRQHandler)
    TIM_Base_SetConfig                       0x08003be1   Thumb Code   190  stm32g4xx_hal_tim.o(i.TIM_Base_SetConfig)
    TIM_CCxChannelCmd                        0x08003cc5   Thumb Code    26  stm32g4xx_hal_tim.o(i.TIM_CCxChannelCmd)
    TIM_ETR_SetConfig                        0x08003cdf   Thumb Code    20  stm32g4xx_hal_tim.o(i.TIM_ETR_SetConfig)
    TIM_OC2_SetConfig                        0x08003db5   Thumb Code   132  stm32g4xx_hal_tim.o(i.TIM_OC2_SetConfig)
    UsageFault_Handler                       0x080040cf   Thumb Code     2  stm32g4xx_it.o(i.UsageFault_Handler)
    main                                     0x080040f1   Thumb Code   290  main.o(i.main)
    __aeabi_d2iz                             0x08004249   Thumb Code     0  dfix.o(x$fpl$dfix)
    _dfix                                    0x08004249   Thumb Code    94  dfix.o(x$fpl$dfix)
    __aeabi_i2d                              0x080042a7   Thumb Code     0  dflt_clz.o(x$fpl$dflt)
    _dflt                                    0x080042a7   Thumb Code    46  dflt_clz.o(x$fpl$dflt)
    __aeabi_dmul                             0x080042d5   Thumb Code     0  dmul.o(x$fpl$dmul)
    _dmul                                    0x080042d5   Thumb Code   332  dmul.o(x$fpl$dmul)
    __fpl_dnaninf                            0x08004429   Thumb Code   156  dnaninf.o(x$fpl$dnaninf)
    __fpl_dretinf                            0x080044c5   Thumb Code    12  dretinf.o(x$fpl$dretinf)
    __aeabi_f2d                              0x080044d1   Thumb Code     0  f2d.o(x$fpl$f2d)
    _f2d                                     0x080044d1   Thumb Code    86  f2d.o(x$fpl$f2d)
    __fpl_fnaninf                            0x08004527   Thumb Code   140  fnaninf.o(x$fpl$fnaninf)
    _fp_init                                 0x080045b3   Thumb Code    10  fpinit.o(x$fpl$fpinit)
    __fplib_config_fpu_vfp                   0x080045bb   Thumb Code     0  fpinit.o(x$fpl$fpinit)
    __fplib_config_pureend_doubles           0x080045bb   Thumb Code     0  fpinit.o(x$fpl$fpinit)
    __I$use$fp                               0x080045bc   Number         0  usenofp.o(x$fpl$usenofp)
    AHBPrescTable                            0x080045e4   Data          16  system_stm32g4xx.o(.constdata)
    APBPrescTable                            0x080045f4   Data           8  system_stm32g4xx.o(.constdata)
    Region$$Table$$Base                      0x080045fc   Number         0  anon$$obj.o(Region$$Table)
    Region$$Table$$Limit                     0x0800461c   Number         0  anon$$obj.o(Region$$Table)
    P_real                                   0x20000000   Data           4  sensor.o(.data)
    P_cap_real                               0x20000004   Data           4  sensor.o(.data)
    P_Target                                 0x20000008   Data           4  sensor.o(.data)
    VLO_target                               0x2000000c   Data           4  sensor.o(.data)
    pulse_width_mul8                         0x20000010   Data           4  sensor.o(.data)
    I_IN                                     0x20000014   Data           4  sensor.o(.data)
    I_OUT                                    0x20000018   Data           4  sensor.o(.data)
    I_CAP                                    0x2000001c   Data           4  sensor.o(.data)
    V_IN                                     0x20000020   Data           4  sensor.o(.data)
    V_CAP                                    0x20000024   Data           4  sensor.o(.data)
    V_HI                                     0x20000028   Data           4  sensor.o(.data)
    V_LO                                     0x2000002c   Data           4  sensor.o(.data)
    V_REF                                    0x20000030   Data           4  sensor.o(.data)
    energy_1s_in_100nJ                       0x20000034   Data           4  sensor.o(.data)
    cap_status                               0x20000038   Data           8  main.o(.data)
    cap_state                                0x20000048   Data           1  stm32g4xx_it.o(.data)
    if_protect                               0x20000049   Data           1  stm32g4xx_it.o(.data)
    ResetPowerConsump                        0x2000004d   Data           1  stm32g4xx_it.o(.data)
    temp_P_Target                            0x20000050   Data           4  stm32g4xx_it.o(.data)
    TotalEnergy_float                        0x20000054   Data           4  stm32g4xx_it.o(.data)
    energy_accum_time                        0x2000005c   Data           4  stm32g4xx_it.o(.data)
    uwTickPrio                               0x20000060   Data           4  stm32g4xx_hal.o(.data)
    uwTickFreq                               0x20000064   Data           4  stm32g4xx_hal.o(.data)
    uwTick                                   0x20000068   Data           4  stm32g4xx_hal.o(.data)
    SystemCoreClock                          0x2000006c   Data           4  system_stm32g4xx.o(.data)
    can_config                               0x20000070   Data         100  main.o(.bss)
    hadc1                                    0x200000d4   Data         108  adc.o(.bss)
    hadc2                                    0x20000140   Data         108  adc.o(.bss)
    hadc3                                    0x200001ac   Data         108  adc.o(.bss)
    hadc4                                    0x20000218   Data         108  adc.o(.bss)
    hfdcan1                                  0x20000284   Data         100  fdcan.o(.bss)
    hopamp1                                  0x200002e8   Data          60  opamp.o(.bss)
    hopamp2                                  0x20000324   Data          60  opamp.o(.bss)
    hopamp3                                  0x20000360   Data          60  opamp.o(.bss)
    hopamp6                                  0x2000039c   Data          60  opamp.o(.bss)
    htim1                                    0x200003d8   Data          76  tim.o(.bss)
    htim2                                    0x20000424   Data          76  tim.o(.bss)
    htim7                                    0x20000470   Data          76  tim.o(.bss)
    BadPowerContext                          0x200004bc   Data          16  stm32g4xx_it.o(.bss)
    htim6                                    0x200004cc   Data          76  stm32g4xx_hal_timebase_tim.o(.bss)
    __libspace_start                         0x20000518   Data          96  libspace.o(.bss)
    __temporary_stack_top$libspace           0x20000578   Data           0  libspace.o(.bss)



==============================================================================

Memory Map of the image

  Image Entry point : 0x080001d9

  Load Region LR_IROM1 (Base: 0x08000000, Size: 0x0000468c, Max: 0x00020000, ABSOLUTE)

    Execution Region ER_IROM1 (Exec base: 0x08000000, Load base: 0x08000000, Size: 0x0000461c, Max: 0x00020000, ABSOLUTE)

    Exec Addr    Load Addr    Size         Type   Attr      Idx    E Section Name        Object

    0x08000000   0x08000000   0x000001d8   Data   RO            3    RESET               startup_stm32g473xx.o
    0x080001d8   0x080001d8   0x00000008   Code   RO         4310  * !!!main             c_w.l(__main.o)
    0x080001e0   0x080001e0   0x00000034   Code   RO         4490    !!!scatter          c_w.l(__scatter.o)
    0x08000214   0x08000214   0x0000001a   Code   RO         4492    !!handler_copy      c_w.l(__scatter_copy.o)
    0x0800022e   0x0800022e   0x00000002   PAD
    0x08000230   0x08000230   0x0000001c   Code   RO         4494    !!handler_zi        c_w.l(__scatter_zi.o)
    0x0800024c   0x0800024c   0x00000002   Code   RO         4358    .ARM.Collect$$libinit$$00000000  c_w.l(libinit.o)
    0x0800024e   0x0800024e   0x00000004   Code   RO         4364    .ARM.Collect$$libinit$$00000001  c_w.l(libinit2.o)
    0x08000252   0x08000252   0x00000000   Code   RO         4367    .ARM.Collect$$libinit$$00000004  c_w.l(libinit2.o)
    0x08000252   0x08000252   0x00000000   Code   RO         4370    .ARM.Collect$$libinit$$0000000A  c_w.l(libinit2.o)
    0x08000252   0x08000252   0x00000000   Code   RO         4372    .ARM.Collect$$libinit$$0000000C  c_w.l(libinit2.o)
    0x08000252   0x08000252   0x00000000   Code   RO         4374    .ARM.Collect$$libinit$$0000000E  c_w.l(libinit2.o)
    0x08000252   0x08000252   0x00000000   Code   RO         4377    .ARM.Collect$$libinit$$00000011  c_w.l(libinit2.o)
    0x08000252   0x08000252   0x00000000   Code   RO         4379    .ARM.Collect$$libinit$$00000013  c_w.l(libinit2.o)
    0x08000252   0x08000252   0x00000000   Code   RO         4381    .ARM.Collect$$libinit$$00000015  c_w.l(libinit2.o)
    0x08000252   0x08000252   0x00000000   Code   RO         4383    .ARM.Collect$$libinit$$00000017  c_w.l(libinit2.o)
    0x08000252   0x08000252   0x00000000   Code   RO         4385    .ARM.Collect$$libinit$$00000019  c_w.l(libinit2.o)
    0x08000252   0x08000252   0x00000000   Code   RO         4387    .ARM.Collect$$libinit$$0000001B  c_w.l(libinit2.o)
    0x08000252   0x08000252   0x00000000   Code   RO         4389    .ARM.Collect$$libinit$$0000001D  c_w.l(libinit2.o)
    0x08000252   0x08000252   0x00000000   Code   RO         4391    .ARM.Collect$$libinit$$0000001F  c_w.l(libinit2.o)
    0x08000252   0x08000252   0x00000000   Code   RO         4393    .ARM.Collect$$libinit$$00000021  c_w.l(libinit2.o)
    0x08000252   0x08000252   0x00000000   Code   RO         4395    .ARM.Collect$$libinit$$00000023  c_w.l(libinit2.o)
    0x08000252   0x08000252   0x00000000   Code   RO         4397    .ARM.Collect$$libinit$$00000025  c_w.l(libinit2.o)
    0x08000252   0x08000252   0x00000000   Code   RO         4401    .ARM.Collect$$libinit$$0000002C  c_w.l(libinit2.o)
    0x08000252   0x08000252   0x00000000   Code   RO         4403    .ARM.Collect$$libinit$$0000002E  c_w.l(libinit2.o)
    0x08000252   0x08000252   0x00000000   Code   RO         4405    .ARM.Collect$$libinit$$00000030  c_w.l(libinit2.o)
    0x08000252   0x08000252   0x00000000   Code   RO         4407    .ARM.Collect$$libinit$$00000032  c_w.l(libinit2.o)
    0x08000252   0x08000252   0x00000002   Code   RO         4408    .ARM.Collect$$libinit$$00000033  c_w.l(libinit2.o)
    0x08000254   0x08000254   0x00000002   Code   RO         4428    .ARM.Collect$$libshutdown$$00000000  c_w.l(libshutdown.o)
    0x08000256   0x08000256   0x00000000   Code   RO         4441    .ARM.Collect$$libshutdown$$00000002  c_w.l(libshutdown2.o)
    0x08000256   0x08000256   0x00000000   Code   RO         4443    .ARM.Collect$$libshutdown$$00000004  c_w.l(libshutdown2.o)
    0x08000256   0x08000256   0x00000000   Code   RO         4445    .ARM.Collect$$libshutdown$$00000006  c_w.l(libshutdown2.o)
    0x08000256   0x08000256   0x00000000   Code   RO         4448    .ARM.Collect$$libshutdown$$00000009  c_w.l(libshutdown2.o)
    0x08000256   0x08000256   0x00000000   Code   RO         4451    .ARM.Collect$$libshutdown$$0000000C  c_w.l(libshutdown2.o)
    0x08000256   0x08000256   0x00000000   Code   RO         4453    .ARM.Collect$$libshutdown$$0000000E  c_w.l(libshutdown2.o)
    0x08000256   0x08000256   0x00000000   Code   RO         4456    .ARM.Collect$$libshutdown$$00000011  c_w.l(libshutdown2.o)
    0x08000256   0x08000256   0x00000002   Code   RO         4457    .ARM.Collect$$libshutdown$$00000012  c_w.l(libshutdown2.o)
    0x08000258   0x08000258   0x00000000   Code   RO         4326    .ARM.Collect$$rtentry$$00000000  c_w.l(__rtentry.o)
    0x08000258   0x08000258   0x00000000   Code   RO         4335    .ARM.Collect$$rtentry$$00000002  c_w.l(__rtentry2.o)
    0x08000258   0x08000258   0x00000006   Code   RO         4347    .ARM.Collect$$rtentry$$00000004  c_w.l(__rtentry4.o)
    0x0800025e   0x0800025e   0x00000000   Code   RO         4337    .ARM.Collect$$rtentry$$00000009  c_w.l(__rtentry2.o)
    0x0800025e   0x0800025e   0x00000004   Code   RO         4338    .ARM.Collect$$rtentry$$0000000A  c_w.l(__rtentry2.o)
    0x08000262   0x08000262   0x00000000   Code   RO         4340    .ARM.Collect$$rtentry$$0000000C  c_w.l(__rtentry2.o)
    0x08000262   0x08000262   0x00000008   Code   RO         4341    .ARM.Collect$$rtentry$$0000000D  c_w.l(__rtentry2.o)
    0x0800026a   0x0800026a   0x00000002   Code   RO         4362    .ARM.Collect$$rtexit$$00000000  c_w.l(rtexit.o)
    0x0800026c   0x0800026c   0x00000000   Code   RO         4410    .ARM.Collect$$rtexit$$00000002  c_w.l(rtexit2.o)
    0x0800026c   0x0800026c   0x00000004   Code   RO         4411    .ARM.Collect$$rtexit$$00000003  c_w.l(rtexit2.o)
    0x08000270   0x08000270   0x00000006   Code   RO         4412    .ARM.Collect$$rtexit$$00000004  c_w.l(rtexit2.o)
    0x08000276   0x08000276   0x00000002   PAD
    0x08000278   0x08000278   0x00000040   Code   RO            4    .text               startup_stm32g473xx.o
    0x080002b8   0x080002b8   0x00000064   Code   RO         4304    .text               c_w.l(rt_memcpy_w.o)
    0x0800031c   0x0800031c   0x0000004e   Code   RO         4306    .text               c_w.l(rt_memclr_w.o)
    0x0800036a   0x0800036a   0x00000006   Code   RO         4308    .text               c_w.l(heapauxi.o)
    0x08000370   0x08000370   0x0000004a   Code   RO         4349    .text               c_w.l(sys_stackheap_outer.o)
    0x080003ba   0x080003ba   0x00000012   Code   RO         4351    .text               c_w.l(exit.o)
    0x080003cc   0x080003cc   0x00000008   Code   RO         4359    .text               c_w.l(libspace.o)
    0x080003d4   0x080003d4   0x0000000c   Code   RO         4420    .text               c_w.l(sys_exit.o)
    0x080003e0   0x080003e0   0x00000002   Code   RO         4431    .text               c_w.l(use_no_semi.o)
    0x080003e2   0x080003e2   0x00000000   Code   RO         4433    .text               c_w.l(indicate_semi.o)
    0x080003e2   0x080003e2   0x00000002   PAD
    0x080003e4   0x080003e4   0x00000070   Code   RO         1810    i.ADC_Disable       stm32g4xx_hal_adc.o
    0x08000454   0x08000454   0x000000c4   Code   RO         1811    i.ADC_Enable        stm32g4xx_hal_adc.o
    0x08000518   0x08000518   0x00000002   Code   RO          492    i.BusFault_Handler  stm32g4xx_it.o
    0x0800051a   0x0800051a   0x00000002   Code   RO          493    i.DebugMon_Handler  stm32g4xx_it.o
    0x0800051c   0x0800051c   0x00000004   Code   RO           42    i.Error_Handler     main.o
    0x08000520   0x08000520   0x00000070   Code   RO         3774    i.FDCAN_CopyMessageToRAM  stm32g4xx_hal_fdcan.o
    0x08000590   0x08000590   0x00000044   Code   RO           43    i.FDCAN_Init        main.o
    0x080005d4   0x080005d4   0x00000094   Code   RO         2044    i.HAL_ADCEx_Calibration_Start  stm32g4xx_hal_adc_ex.o
    0x08000668   0x08000668   0x00000560   Code   RO         2050    i.HAL_ADCEx_InjectedConfigChannel  stm32g4xx_hal_adc_ex.o
    0x08000bc8   0x08000bc8   0x00000120   Code   RO         2055    i.HAL_ADCEx_InjectedStart  stm32g4xx_hal_adc_ex.o
    0x08000ce8   0x08000ce8   0x00000160   Code   RO         2061    i.HAL_ADCEx_MultiModeConfigChannel  stm32g4xx_hal_adc_ex.o
    0x08000e48   0x08000e48   0x00000230   Code   RO         1822    i.HAL_ADC_Init      stm32g4xx_hal_adc.o
    0x08001078   0x08001078   0x00000170   Code   RO          258    i.HAL_ADC_MspInit   adc.o
    0x080011e8   0x080011e8   0x00000024   Code   RO         2260    i.HAL_Delay         stm32g4xx_hal.o
    0x0800120c   0x0800120c   0x0000004a   Code   RO         3777    i.HAL_FDCAN_AddMessageToTxFifoQ  stm32g4xx_hal_fdcan.o
    0x08001256   0x08001256   0x0000005c   Code   RO         3779    i.HAL_FDCAN_ConfigFilter  stm32g4xx_hal_fdcan.o
    0x080012b2   0x080012b2   0x00000002   PAD
    0x080012b4   0x080012b4   0x00000018   Code   RO         3809    i.HAL_FDCAN_GetRxFifoFillLevel  stm32g4xx_hal_fdcan.o
    0x080012cc   0x080012cc   0x00000114   Code   RO         3810    i.HAL_FDCAN_GetRxMessage  stm32g4xx_hal_fdcan.o
    0x080013e0   0x080013e0   0x00000218   Code   RO         3818    i.HAL_FDCAN_Init    stm32g4xx_hal_fdcan.o
    0x080015f8   0x080015f8   0x0000007c   Code   RO          319    i.HAL_FDCAN_MspInit  fdcan.o
    0x08001674   0x08001674   0x0000002c   Code   RO         3827    i.HAL_FDCAN_Start   stm32g4xx_hal_fdcan.o
    0x080016a0   0x080016a0   0x00000248   Code   RO         2985    i.HAL_GPIO_Init     stm32g4xx_hal_gpio.o
    0x080018e8   0x080018e8   0x0000000a   Code   RO         2989    i.HAL_GPIO_WritePin  stm32g4xx_hal_gpio.o
    0x080018f2   0x080018f2   0x00000002   PAD
    0x080018f4   0x080018f4   0x0000000c   Code   RO         2264    i.HAL_GetTick       stm32g4xx_hal.o
    0x08001900   0x08001900   0x00000010   Code   RO         2270    i.HAL_IncTick       stm32g4xx_hal.o
    0x08001910   0x08001910   0x0000001e   Code   RO         2271    i.HAL_Init          stm32g4xx_hal.o
    0x0800192e   0x0800192e   0x00000002   PAD
    0x08001930   0x08001930   0x00000088   Code   RO          622    i.HAL_InitTick      stm32g4xx_hal_timebase_tim.o
    0x080019b8   0x080019b8   0x00000030   Code   RO          598    i.HAL_MspInit       stm32g4xx_hal_msp.o
    0x080019e8   0x080019e8   0x0000001a   Code   RO         3634    i.HAL_NVIC_EnableIRQ  stm32g4xx_hal_cortex.o
    0x08001a02   0x08001a02   0x00000002   PAD
    0x08001a04   0x08001a04   0x00000040   Code   RO         3640    i.HAL_NVIC_SetPriority  stm32g4xx_hal_cortex.o
    0x08001a44   0x08001a44   0x00000024   Code   RO         3641    i.HAL_NVIC_SetPriorityGrouping  stm32g4xx_hal_cortex.o
    0x08001a68   0x08001a68   0x000000f4   Code   RO         4162    i.HAL_OPAMP_Init    stm32g4xx_hal_opamp.o
    0x08001b5c   0x08001b5c   0x000000b4   Code   RO          361    i.HAL_OPAMP_MspInit  opamp.o
    0x08001c10   0x08001c10   0x0000002c   Code   RO         4168    i.HAL_OPAMP_Start   stm32g4xx_hal_opamp.o
    0x08001c3c   0x08001c3c   0x000000bc   Code   RO         3388    i.HAL_PWREx_ControlVoltageScaling  stm32g4xx_hal_pwr_ex.o
    0x08001cf8   0x08001cf8   0x00000010   Code   RO         3400    i.HAL_PWREx_DisableUCPDDeadBattery  stm32g4xx_hal_pwr_ex.o
    0x08001d08   0x08001d08   0x00000300   Code   RO         2631    i.HAL_RCCEx_PeriphCLKConfig  stm32g4xx_hal_rcc_ex.o
    0x08002008   0x08002008   0x00000002   Code   RO         2505    i.HAL_RCC_CSSCallback  stm32g4xx_hal_rcc.o
    0x0800200a   0x0800200a   0x00000002   PAD
    0x0800200c   0x0800200c   0x000001dc   Code   RO         2506    i.HAL_RCC_ClockConfig  stm32g4xx_hal_rcc.o
    0x080021e8   0x080021e8   0x00000010   Code   RO         2509    i.HAL_RCC_EnableCSS  stm32g4xx_hal_rcc.o
    0x080021f8   0x080021f8   0x00000040   Code   RO         2511    i.HAL_RCC_GetClockConfig  stm32g4xx_hal_rcc.o
    0x08002238   0x08002238   0x00000024   Code   RO         2514    i.HAL_RCC_GetPCLK1Freq  stm32g4xx_hal_rcc.o
    0x0800225c   0x0800225c   0x00000070   Code   RO         2516    i.HAL_RCC_GetSysClockFreq  stm32g4xx_hal_rcc.o
    0x080022cc   0x080022cc   0x00000018   Code   RO         2518    i.HAL_RCC_NMI_IRQHandler  stm32g4xx_hal_rcc.o
    0x080022e4   0x080022e4   0x00000404   Code   RO         2519    i.HAL_RCC_OscConfig  stm32g4xx_hal_rcc.o
    0x080026e8   0x080026e8   0x000000a8   Code   RO         1382    i.HAL_TIMEx_ConfigBreakDeadTime  stm32g4xx_hal_tim_ex.o
    0x08002790   0x08002790   0x000000b8   Code   RO         1419    i.HAL_TIMEx_MasterConfigSynchronization  stm32g4xx_hal_tim_ex.o
    0x08002848   0x08002848   0x00000062   Code   RO          663    i.HAL_TIM_Base_Init  stm32g4xx_hal_tim.o
    0x080028aa   0x080028aa   0x00000002   PAD
    0x080028ac   0x080028ac   0x00000060   Code   RO          421    i.HAL_TIM_Base_MspInit  tim.o
    0x0800290c   0x0800290c   0x00000080   Code   RO          666    i.HAL_TIM_Base_Start  stm32g4xx_hal_tim.o
    0x0800298c   0x0800298c   0x0000008c   Code   RO          668    i.HAL_TIM_Base_Start_IT  stm32g4xx_hal_tim.o
    0x08002a18   0x08002a18   0x00000108   Code   RO          672    i.HAL_TIM_ConfigClockSource  stm32g4xx_hal_tim.o
    0x08002b20   0x08002b20   0x00000054   Code   RO          422    i.HAL_TIM_MspPostInit  tim.o
    0x08002b74   0x08002b74   0x00000124   Code   RO          735    i.HAL_TIM_PWM_ConfigChannel  stm32g4xx_hal_tim.o
    0x08002c98   0x08002c98   0x00000062   Code   RO          738    i.HAL_TIM_PWM_Init  stm32g4xx_hal_tim.o
    0x08002cfa   0x08002cfa   0x00000002   PAD
    0x08002cfc   0x08002cfc   0x0000003c   Code   RO          424    i.HAL_TIM_PWM_MspInit  tim.o
    0x08002d38   0x08002d38   0x00000114   Code   RO          743    i.HAL_TIM_PWM_Start  stm32g4xx_hal_tim.o
    0x08002e4c   0x08002e4c   0x00000002   Code   RO          494    i.HardFault_Handler  stm32g4xx_it.o
    0x08002e4e   0x08002e4e   0x0000000c   Code   RO         2069    i.LL_ADC_GetOffsetChannel  stm32g4xx_hal_adc_ex.o
    0x08002e5a   0x08002e5a   0x00000008   Code   RO         1837    i.LL_ADC_INJ_IsConversionOngoing  stm32g4xx_hal_adc.o
    0x08002e62   0x08002e62   0x00000008   Code   RO         2070    i.LL_ADC_INJ_IsConversionOngoing  stm32g4xx_hal_adc_ex.o
    0x08002e6a   0x08002e6a   0x00000008   Code   RO         1838    i.LL_ADC_REG_IsConversionOngoing  stm32g4xx_hal_adc.o
    0x08002e72   0x08002e72   0x00000008   Code   RO         2071    i.LL_ADC_REG_IsConversionOngoing  stm32g4xx_hal_adc_ex.o
    0x08002e7a   0x08002e7a   0x0000001e   Code   RO         2072    i.LL_ADC_SetChannelSamplingTime  stm32g4xx_hal_adc_ex.o
    0x08002e98   0x08002e98   0x00000010   Code   RO         2073    i.LL_ADC_SetOffsetState  stm32g4xx_hal_adc_ex.o
    0x08002ea8   0x08002ea8   0x000000cc   Code   RO          259    i.MX_ADC1_Init      adc.o
    0x08002f74   0x08002f74   0x000000b8   Code   RO          260    i.MX_ADC2_Init      adc.o
    0x0800302c   0x0800302c   0x000000cc   Code   RO          261    i.MX_ADC3_Init      adc.o
    0x080030f8   0x080030f8   0x000000b8   Code   RO          262    i.MX_ADC4_Init      adc.o
    0x080031b0   0x080031b0   0x00000058   Code   RO          320    i.MX_FDCAN1_Init    fdcan.o
    0x08003208   0x08003208   0x00000110   Code   RO          229    i.MX_GPIO_Init      gpio.o
    0x08003318   0x08003318   0x00000038   Code   RO          362    i.MX_OPAMP1_Init    opamp.o
    0x08003350   0x08003350   0x00000038   Code   RO          363    i.MX_OPAMP2_Init    opamp.o
    0x08003388   0x08003388   0x00000038   Code   RO          364    i.MX_OPAMP3_Init    opamp.o
    0x080033c0   0x080033c0   0x00000034   Code   RO          365    i.MX_OPAMP6_Init    opamp.o
    0x080033f4   0x080033f4   0x000000ec   Code   RO          425    i.MX_TIM1_Init      tim.o
    0x080034e0   0x080034e0   0x00000068   Code   RO          426    i.MX_TIM2_Init      tim.o
    0x08003548   0x08003548   0x00000048   Code   RO          427    i.MX_TIM7_Init      tim.o
    0x08003590   0x08003590   0x00000002   Code   RO          495    i.MemManage_Handler  stm32g4xx_it.o
    0x08003592   0x08003592   0x00000006   Code   RO          496    i.NMI_Handler       stm32g4xx_it.o
    0x08003598   0x08003598   0x00000002   Code   RO          497    i.PendSV_Handler    stm32g4xx_it.o
    0x0800359a   0x0800359a   0x00000002   Code   RO          498    i.SVC_Handler       stm32g4xx_it.o
    0x0800359c   0x0800359c   0x00000002   Code   RO          499    i.SysTick_Handler   stm32g4xx_it.o
    0x0800359e   0x0800359e   0x00000068   Code   RO           45    i.SystemClock_Config  main.o
    0x08003606   0x08003606   0x00000002   PAD
    0x08003608   0x08003608   0x00000010   Code   RO         4268    i.SystemInit        system_stm32g4xx.o
    0x08003618   0x08003618   0x00000154   Code   RO          500    i.TIM1_CC_IRQHandler  stm32g4xx_it.o
    0x0800376c   0x0800376c   0x00000198   Code   RO          501    i.TIM2_IRQHandler   stm32g4xx_it.o
    0x08003904   0x08003904   0x00000018   Code   RO          502    i.TIM6_DAC_IRQHandler  stm32g4xx_it.o
    0x0800391c   0x0800391c   0x000002c4   Code   RO          503    i.TIM7_DAC_IRQHandler  stm32g4xx_it.o
    0x08003be0   0x08003be0   0x000000e4   Code   RO          756    i.TIM_Base_SetConfig  stm32g4xx_hal_tim.o
    0x08003cc4   0x08003cc4   0x0000001a   Code   RO          757    i.TIM_CCxChannelCmd  stm32g4xx_hal_tim.o
    0x08003cde   0x08003cde   0x00000014   Code   RO          767    i.TIM_ETR_SetConfig  stm32g4xx_hal_tim.o
    0x08003cf2   0x08003cf2   0x00000002   PAD
    0x08003cf4   0x08003cf4   0x00000014   Code   RO          768    i.TIM_ITRx_SetConfig  stm32g4xx_hal_tim.o
    0x08003d08   0x08003d08   0x000000ac   Code   RO          769    i.TIM_OC1_SetConfig  stm32g4xx_hal_tim.o
    0x08003db4   0x08003db4   0x000000a0   Code   RO          770    i.TIM_OC2_SetConfig  stm32g4xx_hal_tim.o
    0x08003e54   0x08003e54   0x000000a0   Code   RO          771    i.TIM_OC3_SetConfig  stm32g4xx_hal_tim.o
    0x08003ef4   0x08003ef4   0x000000a0   Code   RO          772    i.TIM_OC4_SetConfig  stm32g4xx_hal_tim.o
    0x08003f94   0x08003f94   0x00000078   Code   RO          773    i.TIM_OC5_SetConfig  stm32g4xx_hal_tim.o
    0x0800400c   0x0800400c   0x0000007c   Code   RO          774    i.TIM_OC6_SetConfig  stm32g4xx_hal_tim.o
    0x08004088   0x08004088   0x00000022   Code   RO          776    i.TIM_TI1_ConfigInputStage  stm32g4xx_hal_tim.o
    0x080040aa   0x080040aa   0x00000024   Code   RO          778    i.TIM_TI2_ConfigInputStage  stm32g4xx_hal_tim.o
    0x080040ce   0x080040ce   0x00000002   Code   RO          504    i.UsageFault_Handler  stm32g4xx_it.o
    0x080040d0   0x080040d0   0x00000020   Code   RO         3647    i.__NVIC_SetPriority  stm32g4xx_hal_cortex.o
    0x080040f0   0x080040f0   0x00000158   Code   RO           46    i.main              main.o
    0x08004248   0x08004248   0x0000005e   Code   RO         4312    x$fpl$dfix          fz_wm.l(dfix.o)
    0x080042a6   0x080042a6   0x0000002e   Code   RO         4317    x$fpl$dflt          fz_wm.l(dflt_clz.o)
    0x080042d4   0x080042d4   0x00000154   Code   RO         4322    x$fpl$dmul          fz_wm.l(dmul.o)
    0x08004428   0x08004428   0x0000009c   Code   RO         4327    x$fpl$dnaninf       fz_wm.l(dnaninf.o)
    0x080044c4   0x080044c4   0x0000000c   Code   RO         4329    x$fpl$dretinf       fz_wm.l(dretinf.o)
    0x080044d0   0x080044d0   0x00000056   Code   RO         4324    x$fpl$f2d           fz_wm.l(f2d.o)
    0x08004526   0x08004526   0x0000008c   Code   RO         4331    x$fpl$fnaninf       fz_wm.l(fnaninf.o)
    0x080045b2   0x080045b2   0x0000000a   Code   RO         4418    x$fpl$fpinit        fz_wm.l(fpinit.o)
    0x080045bc   0x080045bc   0x00000000   Code   RO         4333    x$fpl$usenofp       fz_wm.l(usenofp.o)
    0x080045bc   0x080045bc   0x00000018   Data   RO           48    .constdata          main.o
    0x080045d4   0x080045d4   0x00000010   Data   RO         3835    .constdata          stm32g4xx_hal_fdcan.o
    0x080045e4   0x080045e4   0x00000010   Data   RO         4269    .constdata          system_stm32g4xx.o
    0x080045f4   0x080045f4   0x00000008   Data   RO         4270    .constdata          system_stm32g4xx.o
    0x080045fc   0x080045fc   0x00000020   Data   RO         4488    Region$$Table       anon$$obj.o


    Execution Region RW_IRAM1 (Exec base: 0x20000000, Load base: 0x0800461c, Size: 0x00000b78, Max: 0x00020000, ABSOLUTE)

    Exec Addr    Load Addr    Size         Type   Attr      Idx    E Section Name        Object

    0x20000000   0x0800461c   0x00000004   Data   RW           10    .data               sensor.o
    0x20000004   0x08004620   0x00000004   Data   RW           11    .data               sensor.o
    0x20000008   0x08004624   0x00000004   Data   RW           12    .data               sensor.o
    0x2000000c   0x08004628   0x00000004   Data   RW           13    .data               sensor.o
    0x20000010   0x0800462c   0x00000004   Data   RW           14    .data               sensor.o
    0x20000014   0x08004630   0x00000004   Data   RW           15    .data               sensor.o
    0x20000018   0x08004634   0x00000004   Data   RW           16    .data               sensor.o
    0x2000001c   0x08004638   0x00000004   Data   RW           17    .data               sensor.o
    0x20000020   0x0800463c   0x00000004   Data   RW           18    .data               sensor.o
    0x20000024   0x08004640   0x00000004   Data   RW           19    .data               sensor.o
    0x20000028   0x08004644   0x00000004   Data   RW           20    .data               sensor.o
    0x2000002c   0x08004648   0x00000004   Data   RW           21    .data               sensor.o
    0x20000030   0x0800464c   0x00000004   Data   RW           22    .data               sensor.o
    0x20000034   0x08004650   0x00000004   Data   RW           23    .data               sensor.o
    0x20000038   0x08004654   0x00000008   Data   RW           50    .data               main.o
    0x20000040   0x0800465c   0x00000008   Data   RW          264    .data               adc.o
    0x20000048   0x08004664   0x00000018   Data   RW          506    .data               stm32g4xx_it.o
    0x20000060   0x0800467c   0x0000000c   Data   RW         2291    .data               stm32g4xx_hal.o
    0x2000006c   0x08004688   0x00000004   Data   RW         4271    .data               system_stm32g4xx.o
    0x20000070        -       0x00000064   Zero   RW           47    .bss                main.o
    0x200000d4        -       0x000001b0   Zero   RW          263    .bss                adc.o
    0x20000284        -       0x00000064   Zero   RW          321    .bss                fdcan.o
    0x200002e8        -       0x000000f0   Zero   RW          366    .bss                opamp.o
    0x200003d8        -       0x000000e4   Zero   RW          428    .bss                tim.o
    0x200004bc        -       0x00000010   Zero   RW          505    .bss                stm32g4xx_it.o
    0x200004cc        -       0x0000004c   Zero   RW          625    .bss                stm32g4xx_hal_timebase_tim.o
    0x20000518        -       0x00000060   Zero   RW         4360    .bss                c_w.l(libspace.o)
    0x20000578        -       0x00000200   Zero   RW            2    HEAP                startup_stm32g473xx.o
    0x20000778        -       0x00000400   Zero   RW            1    STACK               startup_stm32g473xx.o


==============================================================================

Image component sizes


      Code (inc. data)   RO Data    RW Data    ZI Data      Debug   Object Name

      1144         92          0          8        432       4688   adc.o
       212         16          0          0        100       1923   fdcan.o
       272         22          0          0          0       1123   gpio.o
       520         66         24          8        100     762510   main.o
       400         48          0          0        240       3826   opamp.o
         0          0          0         56          0       5196   sensor.o
        64         26        472          0       1536        876   startup_stm32g473xx.o
        94         14          0         12          0       3838   stm32g4xx_hal.o
       884         80          0          0          0      72406   stm32g4xx_hal_adc.o
      2238        130          0          0          0      77345   stm32g4xx_hal_adc_ex.o
       158         14          0          0          0      33218   stm32g4xx_hal_cortex.o
      1158         36         16          0          0       9488   stm32g4xx_hal_fdcan.o
       594         34          0          0          0       2440   stm32g4xx_hal_gpio.o
        48          6          0          0          0        934   stm32g4xx_hal_msp.o
       288          8          0          0          0       2563   stm32g4xx_hal_opamp.o
       204         18          0          0          0       1473   stm32g4xx_hal_pwr_ex.o
      1758         98          0          0          0       8265   stm32g4xx_hal_rcc.o
       768         10          0          0          0       2032   stm32g4xx_hal_rcc_ex.o
      2556        338          0          0          0      16463   stm32g4xx_hal_tim.o
       352         48          0          0          0       2464   stm32g4xx_hal_tim_ex.o
       136         20          0          0         76       1523   stm32g4xx_hal_timebase_tim.o
      1502        220          0         24         16       8417   stm32g4xx_it.o
        16          4         24          4          0       1223   system_stm32g4xx.o
       652         52          0          0        228       4628   tim.o

    ----------------------------------------------------------------------
     16036       1400        568        112       2728    1028862   Object Totals
         0          0         32          0          0          0   (incl. Generated)
        18          0          0          0          0          0   (incl. Padding)

    ----------------------------------------------------------------------

      Code (inc. data)   RO Data    RW Data    ZI Data      Debug   Library Member Name

         8          0          0          0          0         68   __main.o
         0          0          0          0          0          0   __rtentry.o
        12          0          0          0          0          0   __rtentry2.o
         6          0          0          0          0          0   __rtentry4.o
        52          8          0          0          0          0   __scatter.o
        26          0          0          0          0          0   __scatter_copy.o
        28          0          0          0          0          0   __scatter_zi.o
        18          0          0          0          0         80   exit.o
         6          0          0          0          0        152   heapauxi.o
         0          0          0          0          0          0   indicate_semi.o
         2          0          0          0          0          0   libinit.o
         6          0          0          0          0          0   libinit2.o
         2          0          0          0          0          0   libshutdown.o
         2          0          0          0          0          0   libshutdown2.o
         8          4          0          0         96         68   libspace.o
        78          0          0          0          0         80   rt_memclr_w.o
       100          0          0          0          0         80   rt_memcpy_w.o
         2          0          0          0          0          0   rtexit.o
        10          0          0          0          0          0   rtexit2.o
        12          4          0          0          0         68   sys_exit.o
        74          0          0          0          0         80   sys_stackheap_outer.o
         2          0          0          0          0         68   use_no_semi.o
        94          4          0          0          0        140   dfix.o
        46          0          0          0          0        116   dflt_clz.o
       340         12          0          0          0        152   dmul.o
       156          4          0          0          0        140   dnaninf.o
        12          0          0          0          0        116   dretinf.o
        86          4          0          0          0        132   f2d.o
       140          4          0          0          0        132   fnaninf.o
        10          0          0          0          0        116   fpinit.o
         0          0          0          0          0          0   usenofp.o

    ----------------------------------------------------------------------
      1344         44          0          0         96       1788   Library Totals
         6          0          0          0          0          0   (incl. Padding)

    ----------------------------------------------------------------------

      Code (inc. data)   RO Data    RW Data    ZI Data      Debug   Library Name

       454         16          0          0         96        744   c_w.l
       884         28          0          0          0       1044   fz_wm.l

    ----------------------------------------------------------------------
      1344         44          0          0         96       1788   Library Totals

    ----------------------------------------------------------------------

==============================================================================


      Code (inc. data)   RO Data    RW Data    ZI Data      Debug   

     17380       1444        568        112       2824    1019890   Grand Totals
     17380       1444        568        112       2824    1019890   ELF Image Totals
     17380       1444        568        112          0          0   ROM Totals

==============================================================================

    Total RO  Size (Code + RO Data)                17948 (  17.53kB)
    Total RW  Size (RW Data + ZI Data)              2936 (   2.87kB)
    Total ROM Size (Code + RO Data + RW Data)      18060 (  17.64kB)

==============================================================================

