<html>
<body>
<pre>
<h1>µVision Build Log</h1>
<h2>Tool Versions:</h2>
IDE-Version: ¦ÌVision V5.36.0.0
Copyright (C) 2021 ARM Ltd and ARM Germany GmbH. All rights reserved.
License Information: Fengshuo markfour, shanghaitech, LIC=14HV2-9G579-ARBXW-Q51IB-JDCAH-FVK8B
 
Tool Versions:
Toolchain:       MDK-ARM Plus  Version: 5.36.0.0
Toolchain Path:  D:\software\keil\ARM\ARMCC\Bin
C Compiler:      Armcc.exe V5.06 update 7 (build 960)
Assembler:       Armasm.exe V5.06 update 7 (build 960)
Linker/Locator:  ArmLink.exe V5.06 update 7 (build 960)
Library Manager: ArmAr.exe V5.06 update 7 (build 960)
Hex Converter:   FromElf.exe V5.06 update 7 (build 960)
CPU DLL:         SARMCM3.DLL V5.36.0.0
Dialog DLL:      DCM.DLL V1.17.3.0
Target DLL:      CMSIS_AGDI.dll V1.33.0.0
Dialog DLL:      TCM.DLL V1.53.0.0
 
<h2>Project:</h2>
D:\markfour\OneDrive\vs\keil\dualwayanalogsupercap-2025supercap _5.19\MDK-ARM\cap_g473.uvprojx
Project File Date:  05/19/2025

<h2>Output:</h2>
*** Using Compiler 'V5.06 update 7 (build 960)', folder: 'D:\software\keil\ARM\ARMCC\Bin'
Rebuild target 'cap_g473'
compiling sensor.c...
assembling startup_stm32g473xx.s...
compiling stm32g4xx_hal_msp.c...
compiling main.c...
compiling opamp.c...
compiling adc.c...
compiling gpio.c...
compiling stm32g4xx_ll_adc.c...
compiling stm32g4xx_it.c...
../Core/Src/stm32g4xx_it.c(268): warning:  #111-D: statement is unreachable
    HAL_TIM_IRQHandler(&htim1);
../Core/Src/stm32g4xx_it.c(289): warning:  #1035-D: single-precision operand implicitly converted to double-precision
  				temp_P_Target = (int32_t)((((uint16_t)can_config.rx_msg.maxPowerH << 8) | can_config.rx_msg.maxPowerL) * 0.01f * 902.77);
../Core/Src/stm32g4xx_it.c(317): warning:  #111-D: statement is unreachable
    HAL_TIM_IRQHandler(&htim2);
../Core/Src/stm32g4xx_it.c(336): warning:  #111-D: statement is unreachable
    HAL_TIM_IRQHandler(&htim6);
../Core/Src/stm32g4xx_it.c(584): warning:  #111-D: statement is unreachable
    HAL_TIM_IRQHandler(&htim7);
../Core/Src/stm32g4xx_it.c(48): warning:  #550-D: variable "CAN_STATUS"  was set but never used
  static HAL_StatusTypeDef CAN_STATUS;
../Core/Src/stm32g4xx_it.c(49): warning:  #550-D: variable "CAN_RECEIVE_STATUS"  was set but never used
  static HAL_StatusTypeDef CAN_RECEIVE_STATUS;
../Core/Src/stm32g4xx_it.c: 7 warnings, 0 errors
compiling fdcan.c...
compiling tim.c...
compiling stm32g4xx_hal_timebase_tim.c...
compiling stm32g4xx_hal_tim_ex.c...
compiling stm32g4xx_hal_tim.c...
compiling stm32g4xx_hal_gpio.c...
compiling stm32g4xx_hal_flash_ramfunc.c...
compiling stm32g4xx_hal_adc.c...
compiling stm32g4xx_hal.c...
compiling stm32g4xx_hal_exti.c...
compiling stm32g4xx_hal_rcc.c...
compiling stm32g4xx_hal_flash.c...
compiling stm32g4xx_hal_rcc_ex.c...
compiling stm32g4xx_hal_adc_ex.c...
compiling stm32g4xx_hal_flash_ex.c...
compiling stm32g4xx_hal_dma.c...
compiling stm32g4xx_hal_dma_ex.c...
compiling stm32g4xx_hal_cortex.c...
compiling stm32g4xx_hal_opamp_ex.c...
compiling system_stm32g4xx.c...
compiling stm32g4xx_hal_opamp.c...
compiling stm32g4xx_hal_fdcan.c...
compiling stm32g4xx_hal_pwr.c...
compiling stm32g4xx_hal_pwr_ex.c...
linking...
Program Size: Code=17380 RO-data=568 RW-data=112 ZI-data=2824  
FromELF: creating hex file...
"cap_g473\cap_g473.axf" - 0 Error(s), 7 Warning(s).

<h2>Software Packages used:</h2>

Package Vendor: ARM
                http://www.keil.com/pack/ARM.CMSIS.5.8.0.pack
                ARM.CMSIS.5.8.0
                CMSIS (Common Microcontroller Software Interface Standard)
   * Component: CORE Version: 5.5.0

Package Vendor: Keil
                https://www.keil.com/pack/Keil.STM32G4xx_DFP.2.0.0.pack
                Keil.STM32G4xx_DFP.2.0.0
                STMicroelectronics STM32G4 Series Device Support

<h2>Collection of Component include folders:</h2>
  .\RTE\_cap_g473
  D:\software\keil\package\ARM\CMSIS\5.8.0\CMSIS\Core\Include

<h2>Collection of Component Files used:</h2>

   * Component: ARM::CMSIS:CORE:5.5.0
      Include file:  CMSIS\Core\Include\tz_context.h
Build Time Elapsed:  00:00:25
</pre>
</body>
</html>
